2026-04-23 18:16:09.909 [info] Extension host with pid 480993 started
2026-04-23 18:16:09.909 [info] Skipping acquiring lock for /home/kausthubh/.config/Antigravity/User/workspaceStorage/7bbbdd1787110bb98b891b6f8103e4fc.
2026-04-23 18:16:10.079 [info] ExtensionService#_doActivateExtension vscode.emmet, startup: false, activationEvent: 'onLanguage'
2026-04-23 18:16:10.157 [info] ExtensionService#_doActivateExtension vscode.git-base, startup: true, activationEvent: '*', root cause: google.antigravity
2026-04-23 18:16:10.163 [info] ExtensionService#_doActivateExtension vscode.terminal-suggest, startup: false, activationEvent: 'onTerminalShellIntegration:*'
2026-04-23 18:16:10.253 [info] ExtensionService#_doActivateExtension vscode.npm, startup: true, activationEvent: 'workspaceContains:package.json'
2026-04-23 18:16:10.306 [info] ExtensionService#_doActivateExtension vscode.git, startup: true, activationEvent: '*', root cause: google.antigravity
2026-04-23 18:16:10.371 [info] ExtensionService#_doActivateExtension vscode.github, startup: true, activationEvent: '*'
2026-04-23 18:16:10.474 [info] ExtensionService#_doActivateExtension google.antigravity, startup: true, activationEvent: '*'
2026-04-23 18:16:11.073 [info] ExtensionService#_doActivateExtension vscode.github-authentication, startup: false, activationEvent: 'onAuthenticationRequest:github'
2026-04-23 18:16:14.381 [info] Eager extensions activated
2026-04-23 18:16:14.442 [info] ExtensionService#_doActivateExtension vscode.typescript-language-features, startup: false, activationEvent: 'onLanguage:typescript'
2026-04-23 18:16:14.505 [info] ExtensionService#_doActivateExtension google.antigravity-dev-containers, startup: false, activationEvent: 'onStartupFinished'
2026-04-23 18:16:14.510 [info] ExtensionService#_doActivateExtension vscode.debug-auto-launch, startup: false, activationEvent: 'onStartupFinished'
2026-04-23 18:16:14.512 [info] ExtensionService#_doActivateExtension vscode.merge-conflict, startup: false, activationEvent: 'onStartupFinished'
2026-04-23 18:16:14.533 [info] ExtensionService#_doActivateExtension vscodevim.vim, startup: false, activationEvent: 'onStartupFinished'
2026-04-23 18:16:14.639 [info] ExtensionService#_doActivateExtension vscode.css-language-features, startup: false, activationEvent: 'onLanguage:css'
2026-04-23 18:16:14.685 [info] ExtensionService#_doActivateExtension vscode.extension-editing, startup: false, activationEvent: 'onLanguage:markdown'
2026-04-23 18:16:14.701 [info] ExtensionService#_doActivateExtension vscode.markdown-language-features, startup: false, activationEvent: 'onLanguage:markdown'
2026-04-23 18:16:19.902 [info] ExtensionService#_doActivateExtension vscode.configuration-editing, startup: false, activationEvent: 'onLanguage:json'
2026-04-23 18:16:19.911 [info] ExtensionService#_doActivateExtension vscode.json-language-features, startup: false, activationEvent: 'onLanguage:json'
2026-04-23 18:18:11.123 [info] Extension host terminating: renderer closed the MessagePort
2026-04-23 18:18:11.172 [info] Extension host with pid 480993 exiting with code 0
