2026-04-23 18:16:04.772 [info] [LS Main] Starting language server from: /usr/share/antigravity/resources/app/extensions/antigravity/bin/language_server_linux_x64
2026-04-23 18:16:04.804 [info] [LS Main] Args: --csrf_token 13c29367-7859-42c2-9787-7756da88a84c --extension_server_port 41901 --extension_server_csrf_token cda64533-7c05-4f7c-a9e0-02795131bd85 --app_data_dir antigravity --cloud_code_endpoint https://cloudcode-pa.googleapis.com
2026-04-23 18:16:05.260 [info] [LS Main] Process spawned with PID: 480919
2026-04-23 18:16:05.513 [error] [LS Main stderr] I0423 18:16:05.513421 480919 server.go:1236] Starting language server process with pid 480919
I0423 18:16:05.513529 480919 server.go:301] Setting GOMAXPROCS to 4

2026-04-23 18:16:05.515 [error] [LS Main stderr] I0423 18:16:05.515038 480919 server.go:440] Language server will attempt to listen on host 127.0.0.1

2026-04-23 18:16:05.515 [error] [LS Main stderr] I0423 18:16:05.515404 480919 server.go:454] Language server listening on random port at 44959 for HTTPS (gRPC)
I0423 18:16:05.515448 480919 server.go:461] Language server listening on random port at 39905 for HTTP

2026-04-23 18:16:06.450 [error] [LS Main stderr] I0423 18:16:06.450609 480919 server.go:433] Created extension server client at port 41901

2026-04-23 18:16:06.464 [error] [LS Main stderr] I0423 18:16:06.463915 480919 cascade_manager.go:773] Reactive state is disabled

2026-04-23 18:16:06.481 [info] [LS Main] LS started on port 44959
2026-04-23 18:16:06.484 [error] [LS Main stderr] I0423 18:16:06.483559 480919 server.go:1693] initialized server successfully in 970.00474ms

2026-04-23 18:16:08.394 [error] [LS Main stderr] I0423 18:16:08.394670 480919 http_helpers.go:151] URL: https://cloudcode-pa.googleapis.com/v1internal:loadCodeAssist Trace: 0x251e494dd6788832

2026-04-23 18:16:09.326 [error] [LS Main stderr] I0423 18:16:09.326361 480919 http_helpers.go:151] URL: https://daily-cloudcode-pa.googleapis.com/v1internal:fetchAvailableModels Trace: 0x8fb9c0f838a35d0e

2026-04-23 18:16:09.844 [error] [LS Main stderr] I0423 18:16:09.844191 480919 http_helpers.go:151] URL: https://daily-cloudcode-pa.googleapis.com/v1internal:loadCodeAssist Trace: 0x7bdc26057ee3da68

2026-04-23 18:16:12.702 [error] [LS Main stderr] I0423 18:16:12.701873 480919 http_helpers.go:151] URL: https://daily-cloudcode-pa.googleapis.com/v1internal:loadCodeAssist Trace: 0x9e661df5ddfbf4a0

2026-04-23 18:16:13.528 [error] [LS Main stderr] I0423 18:16:13.528274 480919 http_helpers.go:151] URL: https://daily-cloudcode-pa.googleapis.com/v1internal:fetchAvailableModels Trace: 0xa3f07a6e171749f1

2026-04-23 18:16:14.318 [error] [LS Main stderr] I0423 18:16:14.317826 480919 http_helpers.go:151] URL: https://daily-cloudcode-pa.googleapis.com/v1internal:loadCodeAssist Trace: 0x18b18a6ec897490d

2026-04-23 18:16:17.230 [error] [LS Main stderr] I0423 18:16:17.230158 480919 http_helpers.go:151] URL: https://daily-cloudcode-pa.googleapis.com/v1internal:loadCodeAssist Trace: 0x835e3875140aeb1c

2026-04-23 18:16:17.939 [error] [LS Main stderr] I0423 18:16:17.939544 480919 http_helpers.go:151] URL: https://daily-cloudcode-pa.googleapis.com/v1internal:fetchAvailableModels Trace: 0x17ddb7c7f4559710

2026-04-23 18:17:19.144 [error] [LS Main stderr] E0423 18:17:19.143769 480919 log.go:398] failed to check terminal shell support: internal: internal error

2026-04-23 18:17:19.169 [error] [LS Main stderr] I0423 18:17:19.169697 480919 planner_generator.go:283] Requesting planner with 5 chat messages at model retry attempt 1 and API retry attempt 1

2026-04-23 18:17:20.320 [error] [LS Main stderr] E0423 18:17:20.319915 480919 log.go:398] agent executor error: RESOURCE_EXHAUSTED (code 429): You have exhausted your capacity on this model. Your quota will reset after 4h59m3s.: RESOURCE_EXHAUSTED (code 429): You have exhausted your capacity on this model. Your quota will reset after 4h59m3s.

2026-04-23 18:17:20.320 [error] [LS Main stderr] E0423 18:17:20.320714 480919 log.go:398] RESOURCE_EXHAUSTED (code 429): You have exhausted your capacity on this model. Your quota will reset after 4h59m3s.: RESOURCE_EXHAUSTED (code 429): You have exhausted your capacity on this model. Your quota will reset after 4h59m3s.

2026-04-23 18:17:22.721 [error] [LS Main stderr] E0423 18:17:22.721641 480919 client.go:55] Post "https://play.googleapis.com/log": unexpected EOF

2026-04-23 18:17:54.998 [error] [LS Main stderr] E0423 18:17:54.998072 480919 log.go:398] failed to check terminal shell support: internal: internal error

2026-04-23 18:17:56.322 [error] [LS Main stderr] E0423 18:17:56.322219 480919 log.go:398] executor is not currently running

2026-04-23 18:17:56.325 [error] [LS Main stderr] E0423 18:17:56.325022 480919 log.go:398] failed to check terminal shell support: internal: internal error

