2026-04-19 18:16:09.971 [info] Extension host with pid 390871 started
2026-04-19 18:16:09.972 [info] Skipping acquiring lock for /home/kausthubh/.config/Antigravity/User/workspaceStorage/7bbbdd1787110bb98b891b6f8103e4fc.
2026-04-19 18:16:10.491 [info] ExtensionService#_doActivateExtension vscode.emmet, startup: false, activationEvent: 'onLanguage'
2026-04-19 18:16:10.727 [info] ExtensionService#_doActivateExtension vscode.git-base, startup: true, activationEvent: '*', root cause: google.antigravity
2026-04-19 18:16:10.733 [info] ExtensionService#_doActivateExtension vscode.npm, startup: true, activationEvent: 'workspaceContains:package.json'
2026-04-19 18:16:10.768 [info] ExtensionService#_doActivateExtension vscode.terminal-suggest, startup: false, activationEvent: 'onTerminalShellIntegration:*'
2026-04-19 18:16:10.901 [info] ExtensionService#_doActivateExtension vscode.git, startup: true, activationEvent: '*', root cause: google.antigravity
2026-04-19 18:16:10.968 [info] ExtensionService#_doActivateExtension vscode.github, startup: true, activationEvent: '*'
2026-04-19 18:16:11.065 [info] ExtensionService#_doActivateExtension google.antigravity, startup: true, activationEvent: '*'
2026-04-19 18:16:15.961 [info] ExtensionService#_doActivateExtension vscode.configuration-editing, startup: false, activationEvent: 'onLanguage:json'
2026-04-19 18:16:15.971 [info] ExtensionService#_doActivateExtension vscode.extension-editing, startup: false, activationEvent: 'onLanguage:json'
2026-04-19 18:16:15.986 [info] ExtensionService#_doActivateExtension vscode.json-language-features, startup: false, activationEvent: 'onLanguage:json'
2026-04-19 18:16:18.347 [info] Eager extensions activated
2026-04-19 18:16:18.404 [info] ExtensionService#_doActivateExtension vscode.typescript-language-features, startup: false, activationEvent: 'onLanguage:typescriptreact'
2026-04-19 18:16:18.458 [info] ExtensionService#_doActivateExtension google.antigravity-dev-containers, startup: false, activationEvent: 'onStartupFinished'
2026-04-19 18:16:18.463 [info] ExtensionService#_doActivateExtension vscode.debug-auto-launch, startup: false, activationEvent: 'onStartupFinished'
2026-04-19 18:16:18.465 [info] ExtensionService#_doActivateExtension vscode.merge-conflict, startup: false, activationEvent: 'onStartupFinished'
2026-04-19 18:16:18.488 [info] ExtensionService#_doActivateExtension vscodevim.vim, startup: false, activationEvent: 'onStartupFinished'
2026-04-19 18:16:18.605 [info] ExtensionService#_doActivateExtension vscode.css-language-features, startup: false, activationEvent: 'onLanguage:css'
2026-04-19 18:16:18.643 [info] ExtensionService#_doActivateExtension vscode.markdown-language-features, startup: false, activationEvent: 'onLanguage:markdown'
2026-04-19 18:16:19.834 [error] Error: ENOENT: no such file or directory, open '/home/kausthubh/.config/Antigravity/User/globalStorage/vscodevim.vim/.registers'
2026-04-19 18:57:06.264 [info] Extension host terminating: renderer closed the MessagePort
2026-04-19 18:57:06.333 [info] Extension host with pid 390871 exiting with code 0
