2026-04-23 18:16:10.912 [info] [main] Log level: Info
2026-04-23 18:16:10.912 [info] [main] Validating found git in: "git"
2026-04-23 18:16:10.912 [info] [main] Using git "2.53.0" from "git"
2026-04-23 18:16:10.912 [info] [Model][doInitialScan] Initial repository scan started
2026-04-23 18:16:10.912 [info] > git rev-parse --show-toplevel [11ms]
2026-04-23 18:16:10.912 [info] > git rev-parse --git-dir --git-common-dir --show-superproject-working-tree [55ms]
2026-04-23 18:16:10.912 [info] [Model][openRepository] Opened repository (path): /home/kausthubh/GitHub/polymarket-clone
2026-04-23 18:16:10.912 [info] [Model][openRepository] Opened repository (real path): /home/kausthubh/GitHub/polymarket-clone
2026-04-23 18:16:10.912 [info] [Model][openRepository] Opened repository (kind): repository
2026-04-23 18:16:10.913 [info] > git config --get commit.template [4ms]
2026-04-23 18:16:10.933 [info] > git for-each-ref --format=%(refname)%00%(upstream:short)%00%(objectname)%00%(upstream:track)%00%(upstream:remotename)%00%(upstream:remoteref) refs/heads/main refs/remotes/main [12ms]
2026-04-23 18:16:10.935 [info] > git rev-parse --show-toplevel [3ms]
2026-04-23 18:16:10.957 [info] > git status -z -uall [7ms]
2026-04-23 18:16:10.957 [info] > git rev-parse --show-toplevel [16ms]
2026-04-23 18:16:10.969 [info] > git rev-parse --show-toplevel [5ms]
2026-04-23 18:16:10.969 [info] > git for-each-ref --sort -committerdate --format %(refname)%00%(objectname)%00%(*objectname) [13ms]
2026-04-23 18:16:11.002 [info] > git for-each-ref --format=%(refname)%00%(upstream:short)%00%(objectname)%00%(upstream:track)%00%(upstream:remotename)%00%(upstream:remoteref) refs/heads/main refs/remotes/main [14ms]
2026-04-23 18:16:11.026 [info] > git config --get --local branch.main.vscode-merge-base [18ms]
2026-04-23 18:16:11.032 [info] > git config --get commit.template [31ms]
2026-04-23 18:16:11.032 [info] > git rev-parse --show-toplevel [36ms]
2026-04-23 18:16:11.039 [info] > git for-each-ref --format=%(refname)%00%(upstream:short)%00%(objectname)%00%(upstream:track)%00%(upstream:remotename)%00%(upstream:remoteref) refs/heads/origin/main refs/remotes/origin/main [7ms]
2026-04-23 18:16:11.056 [info] > git rev-parse --show-toplevel [18ms]
2026-04-23 18:16:11.064 [info] > git for-each-ref --format=%(refname)%00%(upstream:short)%00%(objectname)%00%(upstream:track)%00%(upstream:remotename)%00%(upstream:remoteref) refs/heads/main refs/remotes/main [9ms]
2026-04-23 18:16:11.064 [info] > git merge-base refs/heads/main refs/remotes/origin/main [18ms]
2026-04-23 18:16:11.071 [info] > git rev-parse --show-toplevel [8ms]
2026-04-23 18:16:11.104 [info] > git diff --name-status -z --diff-filter=ADMR --find-renames=50% 3bb7c635a8ff778be2697d4a59daca707bf23da4...refs/remotes/origin/main -- [34ms]
2026-04-23 18:16:11.105 [info] > git rev-parse --show-toplevel [1ms]
2026-04-23 18:16:11.122 [info] > git status -z -uall [11ms]
2026-04-23 18:16:11.123 [info] > git for-each-ref --sort -committerdate --format %(refname)%00%(objectname)%00%(*objectname) [5ms]
2026-04-23 18:16:11.127 [info] > git rev-parse --show-toplevel [6ms]
2026-04-23 18:16:11.131 [info] [Model][doInitialScan] Initial repository scan completed - repositories (1), closed repositories (0), parent repositories (0), unsafe repositories (0)
2026-04-23 18:16:11.270 [info] > git show --textconv :.env [10ms]
2026-04-23 18:16:11.277 [info] > git ls-files --stage -- .env [8ms]
2026-04-23 18:16:11.284 [info] > git hash-object -t tree /dev/null [8ms]
2026-04-23 18:16:11.284 [warning] [GitFileSystemProvider][readFile] File not found - git:/home/kausthubh/GitHub/polymarket-clone/.env.git?%7B%22path%22%3A%22%2Fhome%2Fkausthubh%2FGitHub%2Fpolymarket-clone%2F.env%22%2C%22ref%22%3A%22%22%7D
2026-04-23 18:16:11.285 [info] > git hash-object -t tree /dev/null [2ms]
2026-04-23 18:16:11.285 [warning] [GitFileSystemProvider][stat] File not found - git:/home/kausthubh/GitHub/polymarket-clone/.env.git?%7B%22path%22%3A%22%2Fhome%2Fkausthubh%2FGitHub%2Fpolymarket-clone%2F.env%22%2C%22ref%22%3A%22%22%7D
2026-04-23 18:16:11.298 [info] > git blame --root --incremental 3bb7c635a8ff778be2697d4a59daca707bf23da4 -- .env [1ms]
2026-04-23 18:16:11.298 [info] fatal: no such path .env in 3bb7c635a8ff778be2697d4a59daca707bf23da4
2026-04-23 18:16:11.454 [info] > git check-ignore -v -z --stdin [3ms]
2026-04-23 18:16:14.337 [info] > git check-ignore -v -z --stdin [2ms]
2026-04-23 18:16:31.264 [info] > git config --get commit.template [6ms]
2026-04-23 18:16:31.264 [info] > git for-each-ref --format=%(refname)%00%(upstream:short)%00%(objectname)%00%(upstream:track)%00%(upstream:remotename)%00%(upstream:remoteref) refs/heads/main refs/remotes/main [1ms]
2026-04-23 18:16:31.276 [info] > git status -z -uall [6ms]
2026-04-23 18:16:31.277 [info] > git for-each-ref --sort -committerdate --format %(refname)%00%(objectname)%00%(*objectname) [1ms]
2026-04-23 18:16:36.293 [info] > git config --get commit.template [7ms]
2026-04-23 18:16:36.294 [info] > git for-each-ref --format=%(refname)%00%(upstream:short)%00%(objectname)%00%(upstream:track)%00%(upstream:remotename)%00%(upstream:remoteref) refs/heads/main refs/remotes/main [2ms]
2026-04-23 18:16:36.305 [info] > git status -z -uall [5ms]
2026-04-23 18:16:36.307 [info] > git for-each-ref --sort -committerdate --format %(refname)%00%(objectname)%00%(*objectname) [2ms]
2026-04-23 18:16:41.323 [info] > git config --get commit.template [6ms]
2026-04-23 18:16:41.324 [info] > git for-each-ref --format=%(refname)%00%(upstream:short)%00%(objectname)%00%(upstream:track)%00%(upstream:remotename)%00%(upstream:remoteref) refs/heads/main refs/remotes/main [1ms]
2026-04-23 18:16:41.336 [info] > git status -z -uall [6ms]
2026-04-23 18:16:41.337 [info] > git for-each-ref --sort -committerdate --format %(refname)%00%(objectname)%00%(*objectname) [1ms]
2026-04-23 18:16:50.747 [info] > git config --get commit.template [5ms]
2026-04-23 18:16:50.749 [info] > git for-each-ref --format=%(refname)%00%(upstream:short)%00%(objectname)%00%(upstream:track)%00%(upstream:remotename)%00%(upstream:remoteref) refs/heads/main refs/remotes/main [2ms]
2026-04-23 18:16:50.759 [info] > git status -z -uall [5ms]
2026-04-23 18:16:50.761 [info] > git for-each-ref --sort -committerdate --format %(refname)%00%(objectname)%00%(*objectname) [2ms]
2026-04-23 18:17:03.982 [info] > git config --get commit.template [6ms]
2026-04-23 18:17:03.983 [info] > git for-each-ref --format=%(refname)%00%(upstream:short)%00%(objectname)%00%(upstream:track)%00%(upstream:remotename)%00%(upstream:remoteref) refs/heads/main refs/remotes/main [1ms]
2026-04-23 18:17:03.996 [info] > git status -z -uall [7ms]
2026-04-23 18:17:03.997 [info] > git for-each-ref --sort -committerdate --format %(refname)%00%(objectname)%00%(*objectname) [2ms]
2026-04-23 18:17:20.633 [info] > git config --get commit.template [7ms]
2026-04-23 18:17:20.634 [info] > git for-each-ref --format=%(refname)%00%(upstream:short)%00%(objectname)%00%(upstream:track)%00%(upstream:remotename)%00%(upstream:remoteref) refs/heads/main refs/remotes/main [2ms]
2026-04-23 18:17:20.645 [info] > git status -z -uall [6ms]
2026-04-23 18:17:20.647 [info] > git for-each-ref --sort -committerdate --format %(refname)%00%(objectname)%00%(*objectname) [2ms]
2026-04-23 18:17:25.661 [info] > git config --get commit.template [5ms]
2026-04-23 18:17:25.662 [info] > git for-each-ref --format=%(refname)%00%(upstream:short)%00%(objectname)%00%(upstream:track)%00%(upstream:remotename)%00%(upstream:remoteref) refs/heads/main refs/remotes/main [1ms]
2026-04-23 18:17:25.674 [info] > git status -z -uall [6ms]
2026-04-23 18:17:25.675 [info] > git for-each-ref --sort -committerdate --format %(refname)%00%(objectname)%00%(*objectname) [1ms]
2026-04-23 18:17:33.263 [info] > git config --get commit.template [6ms]
2026-04-23 18:17:33.264 [info] > git for-each-ref --format=%(refname)%00%(upstream:short)%00%(objectname)%00%(upstream:track)%00%(upstream:remotename)%00%(upstream:remoteref) refs/heads/main refs/remotes/main [1ms]
2026-04-23 18:17:33.276 [info] > git status -z -uall [7ms]
2026-04-23 18:17:33.277 [info] > git for-each-ref --sort -committerdate --format %(refname)%00%(objectname)%00%(*objectname) [2ms]
2026-04-23 18:17:38.287 [info] > git config --get commit.template [1ms]
2026-04-23 18:17:38.294 [info] > git for-each-ref --format=%(refname)%00%(upstream:short)%00%(objectname)%00%(upstream:track)%00%(upstream:remotename)%00%(upstream:remoteref) refs/heads/main refs/remotes/main [1ms]
2026-04-23 18:17:38.305 [info] > git status -z -uall [5ms]
2026-04-23 18:17:38.307 [info] > git for-each-ref --sort -committerdate --format %(refname)%00%(objectname)%00%(*objectname) [2ms]
2026-04-23 18:17:48.945 [info] > git config --get commit.template [7ms]
2026-04-23 18:17:48.946 [info] > git for-each-ref --format=%(refname)%00%(upstream:short)%00%(objectname)%00%(upstream:track)%00%(upstream:remotename)%00%(upstream:remoteref) refs/heads/main refs/remotes/main [2ms]
2026-04-23 18:17:48.957 [info] > git status -z -uall [6ms]
2026-04-23 18:17:48.958 [info] > git for-each-ref --sort -committerdate --format %(refname)%00%(objectname)%00%(*objectname) [1ms]
2026-04-23 18:17:53.977 [info] > git config --get commit.template [8ms]
2026-04-23 18:17:53.978 [info] > git for-each-ref --format=%(refname)%00%(upstream:short)%00%(objectname)%00%(upstream:track)%00%(upstream:remotename)%00%(upstream:remoteref) refs/heads/main refs/remotes/main [2ms]
2026-04-23 18:17:53.994 [info] > git status -z -uall [8ms]
2026-04-23 18:17:53.995 [info] > git for-each-ref --sort -committerdate --format %(refname)%00%(objectname)%00%(*objectname) [2ms]
2026-04-23 18:18:07.565 [info] > git config --get commit.template [8ms]
2026-04-23 18:18:07.566 [info] > git for-each-ref --format=%(refname)%00%(upstream:short)%00%(objectname)%00%(upstream:track)%00%(upstream:remotename)%00%(upstream:remoteref) refs/heads/main refs/remotes/main [2ms]
2026-04-23 18:18:07.578 [info] > git status -z -uall [7ms]
2026-04-23 18:18:07.579 [info] > git for-each-ref --sort -committerdate --format %(refname)%00%(objectname)%00%(*objectname) [2ms]
