2026-04-16 23:11:49.405 [info] Extension host with pid 219745 started
2026-04-16 23:11:49.425 [info] ExtensionService#_doActivateExtension vscode.git-base, startup: false, activationEvent: 'onCommand:antigravity.importVSCodeRecentWorkspaces', root cause: google.antigravity
2026-04-16 23:11:49.436 [info] ExtensionService#_doActivateExtension vscode.git, startup: false, activationEvent: 'onCommand:antigravity.importVSCodeRecentWorkspaces', root cause: google.antigravity
2026-04-16 23:11:49.499 [info] ExtensionService#_doActivateExtension vscode.github, startup: false, activationEvent: '*'
2026-04-16 23:11:49.583 [info] ExtensionService#_doActivateExtension google.antigravity, startup: false, activationEvent: 'onCommand:antigravity.importVSCodeRecentWorkspaces'
2026-04-16 23:11:57.076 [info] Eager extensions activated
2026-04-16 23:11:57.085 [info] ExtensionService#_doActivateExtension google.antigravity-dev-containers, startup: false, activationEvent: 'onStartupFinished'
2026-04-16 23:11:57.091 [info] ExtensionService#_doActivateExtension vscode.debug-auto-launch, startup: false, activationEvent: 'onStartupFinished'
2026-04-16 23:11:57.093 [info] ExtensionService#_doActivateExtension vscode.merge-conflict, startup: false, activationEvent: 'onStartupFinished'
2026-04-16 23:13:06.861 [info] ExtensionService#_doActivateExtension vscodevim.vim, startup: false, activationEvent: 'onStartupFinished'
2026-04-16 23:13:07.064 [info] Extension host terminating: renderer closed the MessagePort
2026-04-16 23:13:07.081 [error] Error: ENOENT: no such file or directory, open '/home/kausthubh/.config/Antigravity/User/globalStorage/vscodevim.vim/.registers'
2026-04-16 23:13:07.081 [info] Extension host with pid 219745 exiting with code 0
2026-04-16 23:13:09.645 [info] Extension host with pid 223012 started
2026-04-16 23:13:09.645 [info] Skipping acquiring lock for /home/kausthubh/.config/Antigravity/User/workspaceStorage/7bbbdd1787110bb98b891b6f8103e4fc.
2026-04-16 23:13:09.713 [info] ExtensionService#_doActivateExtension vscode.git-base, startup: true, activationEvent: '*', root cause: google.antigravity
2026-04-16 23:13:09.720 [info] ExtensionService#_doActivateExtension vscode.npm, startup: true, activationEvent: 'workspaceContains:package.json'
2026-04-16 23:13:09.792 [info] ExtensionService#_doActivateExtension vscode.git, startup: true, activationEvent: '*', root cause: google.antigravity
2026-04-16 23:13:09.874 [info] ExtensionService#_doActivateExtension vscode.github, startup: true, activationEvent: '*'
2026-04-16 23:13:09.975 [info] ExtensionService#_doActivateExtension google.antigravity, startup: true, activationEvent: '*'
2026-04-16 23:13:10.579 [info] ExtensionService#_doActivateExtension vscode.emmet, startup: false, activationEvent: 'onLanguage'
2026-04-16 23:13:12.581 [info] Extension host terminating: renderer closed the MessagePort
2026-04-16 23:13:12.605 [error] ProxyResolver#addCertificatesV1 Canceled: Canceled
	at new Gne (file:///usr/share/antigravity/resources/app/out/vs/workbench/api/node/extensionHostProcess.js:30:122279)
	at Y9.U (file:///usr/share/antigravity/resources/app/out/vs/workbench/api/node/extensionHostProcess.js:30:126901)
	at s.<computed>.r.charCodeAt.s.<computed> (file:///usr/share/antigravity/resources/app/out/vs/workbench/api/node/extensionHostProcess.js:30:124393)
	at LS.loadCertificates (file:///usr/share/antigravity/resources/app/out/vs/workbench/api/node/extensionHostProcess.js:114:77506)
	at Object.loadAdditionalCertificates (file:///usr/share/antigravity/resources/app/out/vs/workbench/api/node/extensionHostProcess.js:217:21193)
	at /usr/share/antigravity/resources/app/node_modules/@vscode/proxy-agent/out/index.js:808:49
	at Generator.next (<anonymous>)
	at /usr/share/antigravity/resources/app/node_modules/@vscode/proxy-agent/out/index.js:35:71
	at new Promise (<anonymous>)
	at __awaiter (/usr/share/antigravity/resources/app/node_modules/@vscode/proxy-agent/out/index.js:31:12)
	at /usr/share/antigravity/resources/app/node_modules/@vscode/proxy-agent/out/index.js:807:33
	at /usr/share/antigravity/resources/app/node_modules/@vscode/proxy-agent/out/index.js:810:20
	at Generator.next (<anonymous>)
	at /usr/share/antigravity/resources/app/node_modules/@vscode/proxy-agent/out/index.js:35:71
	at new Promise (<anonymous>)
	at __awaiter (/usr/share/antigravity/resources/app/node_modules/@vscode/proxy-agent/out/index.js:31:12)
	at getOrLoadAdditionalCertificates (/usr/share/antigravity/resources/app/node_modules/@vscode/proxy-agent/out/index.js:803:12)
	at addCertificatesToOptionsV1 (/usr/share/antigravity/resources/app/node_modules/@vscode/proxy-agent/out/index.js:783:9)
	at resolveProxyWithRequest (/usr/share/antigravity/resources/app/node_modules/@vscode/proxy-agent/out/index.js:140:9)
	at /usr/share/antigravity/resources/app/node_modules/@vscode/proxy-agent/out/index.js:372:77
	at new Promise (<anonymous>)
	at PacProxyAgent.resolveP [as resolver] (/usr/share/antigravity/resources/app/node_modules/@vscode/proxy-agent/out/index.js:372:54)
	at PacProxyAgent.<anonymous> (/usr/share/antigravity/resources/app/node_modules/@vscode/proxy-agent/out/agent.js:74:37)
	at Generator.next (<anonymous>)
	at /usr/share/antigravity/resources/app/node_modules/@vscode/proxy-agent/out/agent.js:8:71
	at new Promise (<anonymous>)
	at __awaiter (/usr/share/antigravity/resources/app/node_modules/@vscode/proxy-agent/out/agent.js:4:12)
	at PacProxyAgent.connect (/usr/share/antigravity/resources/app/node_modules/@vscode/proxy-agent/out/agent.js:56:16)
	at /usr/share/antigravity/resources/app/node_modules/agent-base/dist/index.js:130:30
2026-04-16 23:13:12.605 [error] ProxyResolver#addCertificatesV1 Canceled: Canceled
	at new Gne (file:///usr/share/antigravity/resources/app/out/vs/workbench/api/node/extensionHostProcess.js:30:122279)
	at Y9.U (file:///usr/share/antigravity/resources/app/out/vs/workbench/api/node/extensionHostProcess.js:30:126901)
	at s.<computed>.r.charCodeAt.s.<computed> (file:///usr/share/antigravity/resources/app/out/vs/workbench/api/node/extensionHostProcess.js:30:124393)
	at LS.loadCertificates (file:///usr/share/antigravity/resources/app/out/vs/workbench/api/node/extensionHostProcess.js:114:77506)
	at Object.loadAdditionalCertificates (file:///usr/share/antigravity/resources/app/out/vs/workbench/api/node/extensionHostProcess.js:217:21193)
	at /usr/share/antigravity/resources/app/node_modules/@vscode/proxy-agent/out/index.js:808:49
	at Generator.next (<anonymous>)
	at /usr/share/antigravity/resources/app/node_modules/@vscode/proxy-agent/out/index.js:35:71
	at new Promise (<anonymous>)
	at __awaiter (/usr/share/antigravity/resources/app/node_modules/@vscode/proxy-agent/out/index.js:31:12)
	at /usr/share/antigravity/resources/app/node_modules/@vscode/proxy-agent/out/index.js:807:33
	at /usr/share/antigravity/resources/app/node_modules/@vscode/proxy-agent/out/index.js:810:20
	at Generator.next (<anonymous>)
	at /usr/share/antigravity/resources/app/node_modules/@vscode/proxy-agent/out/index.js:35:71
	at new Promise (<anonymous>)
	at __awaiter (/usr/share/antigravity/resources/app/node_modules/@vscode/proxy-agent/out/index.js:31:12)
	at getOrLoadAdditionalCertificates (/usr/share/antigravity/resources/app/node_modules/@vscode/proxy-agent/out/index.js:803:12)
	at addCertificatesToOptionsV1 (/usr/share/antigravity/resources/app/node_modules/@vscode/proxy-agent/out/index.js:783:9)
	at resolveProxyWithRequest (/usr/share/antigravity/resources/app/node_modules/@vscode/proxy-agent/out/index.js:140:9)
	at /usr/share/antigravity/resources/app/node_modules/@vscode/proxy-agent/out/index.js:372:77
	at new Promise (<anonymous>)
	at PacProxyAgent.resolveP [as resolver] (/usr/share/antigravity/resources/app/node_modules/@vscode/proxy-agent/out/index.js:372:54)
	at PacProxyAgent.<anonymous> (/usr/share/antigravity/resources/app/node_modules/@vscode/proxy-agent/out/agent.js:74:37)
	at Generator.next (<anonymous>)
	at /usr/share/antigravity/resources/app/node_modules/@vscode/proxy-agent/out/agent.js:8:71
	at new Promise (<anonymous>)
	at __awaiter (/usr/share/antigravity/resources/app/node_modules/@vscode/proxy-agent/out/agent.js:4:12)
	at PacProxyAgent.connect (/usr/share/antigravity/resources/app/node_modules/@vscode/proxy-agent/out/agent.js:56:16)
	at /usr/share/antigravity/resources/app/node_modules/agent-base/dist/index.js:130:30
2026-04-16 23:13:12.605 [info] Extension host with pid 223012 exiting with code 0
2026-04-16 23:13:14.475 [info] Extension host with pid 223104 started
2026-04-16 23:13:14.476 [info] Skipping acquiring lock for /home/kausthubh/.config/Antigravity/User/workspaceStorage/7bbbdd1787110bb98b891b6f8103e4fc.
2026-04-16 23:13:14.493 [info] ExtensionService#_doActivateExtension vscode.git-base, startup: true, activationEvent: '*', root cause: google.antigravity
2026-04-16 23:13:14.499 [info] ExtensionService#_doActivateExtension vscode.npm, startup: true, activationEvent: 'workspaceContains:package.json'
2026-04-16 23:13:14.533 [info] ExtensionService#_doActivateExtension vscode.git, startup: true, activationEvent: '*', root cause: google.antigravity
2026-04-16 23:13:14.588 [info] ExtensionService#_doActivateExtension vscode.github, startup: true, activationEvent: '*'
2026-04-16 23:13:14.672 [info] ExtensionService#_doActivateExtension google.antigravity, startup: true, activationEvent: '*'
2026-04-16 23:13:15.249 [info] ExtensionService#_doActivateExtension vscode.emmet, startup: false, activationEvent: 'onLanguage'
2026-04-16 23:13:15.629 [info] ExtensionService#_doActivateExtension vscode.terminal-suggest, startup: false, activationEvent: 'onTerminalShellIntegration:*'
2026-04-16 23:13:20.629 [info] ExtensionService#_doActivateExtension vscode.configuration-editing, startup: false, activationEvent: 'onLanguage:json'
2026-04-16 23:13:20.639 [info] ExtensionService#_doActivateExtension vscode.extension-editing, startup: false, activationEvent: 'onLanguage:json'
2026-04-16 23:13:20.657 [info] ExtensionService#_doActivateExtension vscode.json-language-features, startup: false, activationEvent: 'onLanguage:json'
2026-04-16 23:13:23.912 [info] Eager extensions activated
2026-04-16 23:13:23.913 [info] ExtensionService#_doActivateExtension google.antigravity-dev-containers, startup: false, activationEvent: 'onStartupFinished'
2026-04-16 23:13:23.919 [info] ExtensionService#_doActivateExtension vscode.debug-auto-launch, startup: false, activationEvent: 'onStartupFinished'
2026-04-16 23:13:23.921 [info] ExtensionService#_doActivateExtension vscode.merge-conflict, startup: false, activationEvent: 'onStartupFinished'
2026-04-16 23:13:23.941 [info] ExtensionService#_doActivateExtension vscodevim.vim, startup: false, activationEvent: 'onStartupFinished'
2026-04-16 23:13:25.077 [error] Error: ENOENT: no such file or directory, open '/home/kausthubh/.config/Antigravity/User/globalStorage/vscodevim.vim/.registers'
2026-04-16 23:20:06.758 [info] ExtensionService#_doActivateExtension vscode.typescript-language-features, startup: false, activationEvent: 'onLanguage:typescriptreact'
2026-04-16 23:41:10.785 [info] ExtensionService#_doActivateExtension vscode.markdown-language-features, startup: false, activationEvent: 'onLanguage:markdown'
2026-04-19 00:58:23.138 [info] ExtensionService#_doActivateExtension vscode.css-language-features, startup: false, activationEvent: 'onLanguage:css'
2026-04-19 02:37:07.653 [info] Extension host terminating: renderer closed the MessagePort
2026-04-19 02:37:07.728 [error] TypeError: r.some is not a function
	at h.saveToDisk (/home/kausthubh/.antigravity/extensions/vscodevim.vim-1.32.4-universal/out/extension.js:2:654340)
	at t.deactivate (/home/kausthubh/.antigravity/extensions/vscodevim.vim-1.32.4-universal/out/extension.js:2:791858)
	at dNe.eb (file:///usr/share/antigravity/resources/app/out/vs/workbench/api/node/extensionHostProcess.js:122:13096)
	at file:///usr/share/antigravity/resources/app/out/vs/workbench/api/node/extensionHostProcess.js:122:11244
	at Array.map (<anonymous>)
	at dNe.$ (file:///usr/share/antigravity/resources/app/out/vs/workbench/api/node/extensionHostProcess.js:122:11232)
	at dNe.terminate (file:///usr/share/antigravity/resources/app/out/vs/workbench/api/node/extensionHostProcess.js:122:11475)
	at S6.terminate (file:///usr/share/antigravity/resources/app/out/vs/workbench/api/node/extensionHostProcess.js:124:921)
	at br (file:///usr/share/antigravity/resources/app/out/vs/workbench/api/node/extensionHostProcess.js:407:11402)
	at MessagePortMain.<anonymous> (file:///usr/share/antigravity/resources/app/out/vs/workbench/api/node/extensionHostProcess.js:407:7613)
	at MessagePortMain.emit (node:events:519:28)
	at MessagePortMain.emit (node:domain:489:12)
	at MessagePortMain._internalPort.emit (node:electron/js2c/utility_init:2:2949)
2026-04-19 02:37:07.732 [info] Extension host with pid 223104 exiting with code 0
