2026-04-19 18:16:11.699 [info] [main] Log level: Info
2026-04-19 18:16:11.700 [info] [main] Validating found git in: "git"
2026-04-19 18:16:11.700 [info] [main] Using git "2.53.0" from "git"
2026-04-19 18:16:11.700 [info] [Model][doInitialScan] Initial repository scan started
2026-04-19 18:16:11.700 [info] > git rev-parse --show-toplevel [16ms]
2026-04-19 18:16:11.700 [info] > git rev-parse --git-dir --git-common-dir --show-superproject-working-tree [56ms]
2026-04-19 18:16:11.700 [info] [Model][openRepository] Opened repository (path): /home/kausthubh/GitHub/polymarket-clone
2026-04-19 18:16:11.700 [info] [Model][openRepository] Opened repository (real path): /home/kausthubh/GitHub/polymarket-clone
2026-04-19 18:16:11.700 [info] [Model][openRepository] Opened repository (kind): repository
2026-04-19 18:16:11.701 [info] > git config --get commit.template [5ms]
2026-04-19 18:16:11.717 [info] [Git][getRemotes] No remotes found in the git config file
2026-04-19 18:16:11.718 [info] > git rev-parse --show-toplevel [10ms]
2026-04-19 18:16:11.726 [info] > git for-each-ref --format=%(refname)%00%(upstream:short)%00%(objectname)%00%(upstream:track)%00%(upstream:remotename)%00%(upstream:remoteref) refs/heads/main refs/remotes/main [10ms]
2026-04-19 18:16:11.743 [info] > git status -z -uall [10ms]
2026-04-19 18:16:11.744 [info] > git rev-parse --show-toplevel [18ms]
2026-04-19 18:16:11.754 [info] > git for-each-ref --sort -committerdate --format %(refname)%00%(objectname)%00%(*objectname) [14ms]
2026-04-19 18:16:11.777 [info] > git for-each-ref --format=%(refname)%00%(upstream:short)%00%(objectname)%00%(upstream:track)%00%(upstream:remotename)%00%(upstream:remoteref) refs/heads/main refs/remotes/main [11ms]
2026-04-19 18:16:11.784 [info] > git rev-parse --show-toplevel [31ms]
2026-04-19 18:16:11.796 [info] > git config --get --local branch.main.vscode-merge-base [13ms]
2026-04-19 18:16:11.797 [warning] [Git][config] git config failed: Failed to execute git
2026-04-19 18:16:11.803 [info] > git config --get commit.template [27ms]
2026-04-19 18:16:11.807 [info] > git reflog main --grep-reflog=branch: Created from *. [4ms]
2026-04-19 18:16:11.808 [info] > git rev-parse --show-toplevel [13ms]
2026-04-19 18:16:11.815 [info] [Git][getRemotes] No remotes found in the git config file
2026-04-19 18:16:11.828 [info] > git rev-parse --show-toplevel [9ms]
2026-04-19 18:16:11.831 [info] [Model][doInitialScan] Initial repository scan completed - repositories (1), closed repositories (0), parent repositories (0), unsafe repositories (0)
2026-04-19 18:16:11.831 [info] > git for-each-ref --format=%(refname)%00%(upstream:short)%00%(objectname)%00%(upstream:track)%00%(upstream:remotename)%00%(upstream:remoteref) refs/heads/main refs/remotes/main [17ms]
2026-04-19 18:16:11.845 [info] > git status -z -uall [7ms]
2026-04-19 18:16:11.846 [info] > git for-each-ref --sort -committerdate --format %(refname)%00%(objectname)%00%(*objectname) [2ms]
2026-04-19 18:16:12.065 [info] > git show --textconv :.env [8ms]
2026-04-19 18:16:12.076 [info] > git hash-object -t tree /dev/null [3ms]
2026-04-19 18:16:12.076 [warning] [GitFileSystemProvider][readFile] File not found - git:/home/kausthubh/GitHub/polymarket-clone/.env.git?%7B%22path%22%3A%22%2Fhome%2Fkausthubh%2FGitHub%2Fpolymarket-clone%2F.env%22%2C%22ref%22%3A%22%22%7D
2026-04-19 18:16:12.077 [info] > git ls-files --stage -- .env [13ms]
2026-04-19 18:16:12.077 [warning] [GitFileSystemProvider][stat] File not found - git:/home/kausthubh/GitHub/polymarket-clone/.env.git?%7B%22path%22%3A%22%2Fhome%2Fkausthubh%2FGitHub%2Fpolymarket-clone%2F.env%22%2C%22ref%22%3A%22%22%7D
2026-04-19 18:16:12.115 [info] > git blame --root --incremental 92e2b48530f2e90d2583ea61a5d028365684a5f7 -- .env [2ms]
2026-04-19 18:16:12.116 [info] fatal: no such path .env in 92e2b48530f2e90d2583ea61a5d028365684a5f7
2026-04-19 18:16:12.255 [info] > git check-ignore -v -z --stdin [2ms]
2026-04-19 18:16:18.317 [info] > git check-ignore -v -z --stdin [2ms]
2026-04-19 18:16:50.980 [info] [Git][getRemotes] No remotes found in the git config file
2026-04-19 18:16:50.980 [info] > git config --get commit.template [7ms]
2026-04-19 18:16:50.981 [info] > git for-each-ref --format=%(refname)%00%(upstream:short)%00%(objectname)%00%(upstream:track)%00%(upstream:remotename)%00%(upstream:remoteref) refs/heads/main refs/remotes/main [2ms]
2026-04-19 18:16:50.991 [info] > git status -z -uall [5ms]
2026-04-19 18:16:50.993 [info] > git for-each-ref --sort -committerdate --format %(refname)%00%(objectname)%00%(*objectname) [2ms]
2026-04-19 18:16:56.008 [info] [Git][getRemotes] No remotes found in the git config file
2026-04-19 18:16:56.009 [info] > git config --get commit.template [6ms]
2026-04-19 18:16:56.010 [info] > git for-each-ref --format=%(refname)%00%(upstream:short)%00%(objectname)%00%(upstream:track)%00%(upstream:remotename)%00%(upstream:remoteref) refs/heads/main refs/remotes/main [2ms]
2026-04-19 18:16:56.021 [info] > git status -z -uall [6ms]
2026-04-19 18:16:56.022 [info] > git for-each-ref --sort -committerdate --format %(refname)%00%(objectname)%00%(*objectname) [2ms]
2026-04-19 18:17:01.038 [info] [Git][getRemotes] No remotes found in the git config file
2026-04-19 18:17:01.039 [info] > git config --get commit.template [7ms]
2026-04-19 18:17:01.040 [info] > git for-each-ref --format=%(refname)%00%(upstream:short)%00%(objectname)%00%(upstream:track)%00%(upstream:remotename)%00%(upstream:remoteref) refs/heads/main refs/remotes/main [2ms]
2026-04-19 18:17:01.050 [info] > git status -z -uall [5ms]
2026-04-19 18:17:01.052 [info] > git for-each-ref --sort -committerdate --format %(refname)%00%(objectname)%00%(*objectname) [2ms]
2026-04-19 18:17:06.067 [info] [Git][getRemotes] No remotes found in the git config file
2026-04-19 18:17:06.068 [info] > git config --get commit.template [6ms]
2026-04-19 18:17:06.069 [info] > git for-each-ref --format=%(refname)%00%(upstream:short)%00%(objectname)%00%(upstream:track)%00%(upstream:remotename)%00%(upstream:remoteref) refs/heads/main refs/remotes/main [1ms]
2026-04-19 18:17:06.080 [info] > git status -z -uall [6ms]
2026-04-19 18:17:06.081 [info] > git for-each-ref --sort -committerdate --format %(refname)%00%(objectname)%00%(*objectname) [2ms]
2026-04-19 18:17:51.309 [info] [Git][getRemotes] No remotes found in the git config file
2026-04-19 18:17:51.315 [info] > git config --get commit.template [7ms]
2026-04-19 18:17:51.316 [info] > git for-each-ref --format=%(refname)%00%(upstream:short)%00%(objectname)%00%(upstream:track)%00%(upstream:remotename)%00%(upstream:remoteref) refs/heads/main refs/remotes/main [2ms]
2026-04-19 18:17:51.327 [info] > git status -z -uall [6ms]
2026-04-19 18:17:51.328 [info] > git for-each-ref --sort -committerdate --format %(refname)%00%(objectname)%00%(*objectname) [1ms]
2026-04-19 18:18:24.940 [info] [Git][getRemotes] No remotes found in the git config file
2026-04-19 18:18:24.941 [info] > git config --get commit.template [7ms]
2026-04-19 18:18:24.942 [info] > git for-each-ref --format=%(refname)%00%(upstream:short)%00%(objectname)%00%(upstream:track)%00%(upstream:remotename)%00%(upstream:remoteref) refs/heads/main refs/remotes/main [2ms]
2026-04-19 18:18:24.954 [info] > git status -z -uall [7ms]
2026-04-19 18:18:24.955 [info] > git for-each-ref --sort -committerdate --format %(refname)%00%(objectname)%00%(*objectname) [2ms]
2026-04-19 18:18:29.972 [info] [Git][getRemotes] No remotes found in the git config file
2026-04-19 18:18:29.973 [info] > git config --get commit.template [8ms]
2026-04-19 18:18:29.973 [info] > git for-each-ref --format=%(refname)%00%(upstream:short)%00%(objectname)%00%(upstream:track)%00%(upstream:remotename)%00%(upstream:remoteref) refs/heads/main refs/remotes/main [1ms]
2026-04-19 18:18:29.986 [info] > git status -z -uall [7ms]
2026-04-19 18:18:29.987 [info] > git for-each-ref --sort -committerdate --format %(refname)%00%(objectname)%00%(*objectname) [2ms]
2026-04-19 18:18:35.005 [info] [Git][getRemotes] No remotes found in the git config file
2026-04-19 18:18:35.006 [info] > git config --get commit.template [8ms]
2026-04-19 18:18:35.006 [info] > git for-each-ref --format=%(refname)%00%(upstream:short)%00%(objectname)%00%(upstream:track)%00%(upstream:remotename)%00%(upstream:remoteref) refs/heads/main refs/remotes/main [1ms]
2026-04-19 18:18:35.020 [info] > git status -z -uall [7ms]
2026-04-19 18:18:35.021 [info] > git for-each-ref --sort -committerdate --format %(refname)%00%(objectname)%00%(*objectname) [2ms]
2026-04-19 18:19:19.351 [info] [Git][getRemotes] No remotes found in the git config file
2026-04-19 18:19:19.353 [info] > git config --get commit.template [8ms]
2026-04-19 18:19:19.353 [info] > git for-each-ref --format=%(refname)%00%(upstream:short)%00%(objectname)%00%(upstream:track)%00%(upstream:remotename)%00%(upstream:remoteref) refs/heads/main refs/remotes/main [2ms]
2026-04-19 18:19:19.365 [info] > git status -z -uall [7ms]
2026-04-19 18:19:19.366 [info] > git for-each-ref --sort -committerdate --format %(refname)%00%(objectname)%00%(*objectname) [2ms]
2026-04-19 18:19:25.668 [info] [Git][getRemotes] No remotes found in the git config file
2026-04-19 18:19:25.668 [info] > git config --get commit.template [8ms]
2026-04-19 18:19:25.669 [info] > git for-each-ref --format=%(refname)%00%(upstream:short)%00%(objectname)%00%(upstream:track)%00%(upstream:remotename)%00%(upstream:remoteref) refs/heads/main refs/remotes/main [2ms]
2026-04-19 18:19:25.684 [info] > git status -z -uall [8ms]
2026-04-19 18:19:25.685 [info] > git for-each-ref --sort -committerdate --format %(refname)%00%(objectname)%00%(*objectname) [2ms]
2026-04-19 18:19:34.966 [info] [Git][getRemotes] No remotes found in the git config file
2026-04-19 18:19:34.967 [info] > git config --get commit.template [7ms]
2026-04-19 18:19:34.968 [info] > git for-each-ref --format=%(refname)%00%(upstream:short)%00%(objectname)%00%(upstream:track)%00%(upstream:remotename)%00%(upstream:remoteref) refs/heads/main refs/remotes/main [2ms]
2026-04-19 18:19:34.981 [info] > git status -z -uall [7ms]
2026-04-19 18:19:34.982 [info] > git for-each-ref --sort -committerdate --format %(refname)%00%(objectname)%00%(*objectname) [2ms]
2026-04-19 18:19:39.993 [info] > git config --get commit.template [1ms]
2026-04-19 18:19:40.000 [info] [Git][getRemotes] No remotes found in the git config file
2026-04-19 18:19:40.001 [info] > git for-each-ref --format=%(refname)%00%(upstream:short)%00%(objectname)%00%(upstream:track)%00%(upstream:remotename)%00%(upstream:remoteref) refs/heads/main refs/remotes/main [2ms]
2026-04-19 18:19:40.014 [info] > git status -z -uall [7ms]
2026-04-19 18:19:40.015 [info] > git for-each-ref --sort -committerdate --format %(refname)%00%(objectname)%00%(*objectname) [2ms]
2026-04-19 18:19:45.026 [info] > git config --get commit.template [2ms]
2026-04-19 18:19:45.033 [info] [Git][getRemotes] No remotes found in the git config file
2026-04-19 18:19:45.035 [info] > git for-each-ref --format=%(refname)%00%(upstream:short)%00%(objectname)%00%(upstream:track)%00%(upstream:remotename)%00%(upstream:remoteref) refs/heads/main refs/remotes/main [2ms]
2026-04-19 18:19:45.049 [info] > git status -z -uall [8ms]
2026-04-19 18:19:45.050 [info] > git for-each-ref --sort -committerdate --format %(refname)%00%(objectname)%00%(*objectname) [3ms]
2026-04-19 18:20:05.667 [info] [Git][getRemotes] No remotes found in the git config file
2026-04-19 18:20:05.668 [info] > git config --get commit.template [8ms]
2026-04-19 18:20:05.669 [info] > git for-each-ref --format=%(refname)%00%(upstream:short)%00%(objectname)%00%(upstream:track)%00%(upstream:remotename)%00%(upstream:remoteref) refs/heads/main refs/remotes/main [2ms]
2026-04-19 18:20:05.682 [info] > git status -z -uall [7ms]
2026-04-19 18:20:05.683 [info] > git for-each-ref --sort -committerdate --format %(refname)%00%(objectname)%00%(*objectname) [2ms]
2026-04-19 18:21:46.710 [info] [Git][getRemotes] No remotes found in the git config file
2026-04-19 18:21:46.717 [info] > git config --get commit.template [8ms]
2026-04-19 18:21:46.718 [info] > git for-each-ref --format=%(refname)%00%(upstream:short)%00%(objectname)%00%(upstream:track)%00%(upstream:remotename)%00%(upstream:remoteref) refs/heads/main refs/remotes/main [1ms]
2026-04-19 18:21:46.734 [info] > git status -z -uall [9ms]
2026-04-19 18:21:46.735 [info] > git for-each-ref --sort -committerdate --format %(refname)%00%(objectname)%00%(*objectname) [2ms]
2026-04-19 18:21:51.752 [info] [Git][getRemotes] No remotes found in the git config file
2026-04-19 18:21:51.753 [info] > git config --get commit.template [8ms]
2026-04-19 18:21:51.753 [info] > git for-each-ref --format=%(refname)%00%(upstream:short)%00%(objectname)%00%(upstream:track)%00%(upstream:remotename)%00%(upstream:remoteref) refs/heads/main refs/remotes/main [1ms]
2026-04-19 18:21:51.767 [info] > git status -z -uall [8ms]
2026-04-19 18:21:51.768 [info] > git for-each-ref --sort -committerdate --format %(refname)%00%(objectname)%00%(*objectname) [2ms]
2026-04-19 18:21:56.777 [info] [Git][getRemotes] No remotes found in the git config file
2026-04-19 18:21:56.788 [info] > git config --get commit.template [11ms]
2026-04-19 18:21:56.788 [info] > git for-each-ref --format=%(refname)%00%(upstream:short)%00%(objectname)%00%(upstream:track)%00%(upstream:remotename)%00%(upstream:remoteref) refs/heads/main refs/remotes/main [6ms]
2026-04-19 18:21:56.802 [info] > git status -z -uall [8ms]
2026-04-19 18:21:56.803 [info] > git for-each-ref --sort -committerdate --format %(refname)%00%(objectname)%00%(*objectname) [2ms]
2026-04-19 18:22:01.820 [info] [Git][getRemotes] No remotes found in the git config file
2026-04-19 18:22:01.820 [info] > git config --get commit.template [7ms]
2026-04-19 18:22:01.821 [info] > git for-each-ref --format=%(refname)%00%(upstream:short)%00%(objectname)%00%(upstream:track)%00%(upstream:remotename)%00%(upstream:remoteref) refs/heads/main refs/remotes/main [1ms]
2026-04-19 18:22:01.837 [info] > git status -z -uall [9ms]
2026-04-19 18:22:01.838 [info] > git for-each-ref --sort -committerdate --format %(refname)%00%(objectname)%00%(*objectname) [2ms]
2026-04-19 18:22:09.406 [info] [Git][getRemotes] No remotes found in the git config file
2026-04-19 18:22:09.407 [info] > git config --get commit.template [7ms]
2026-04-19 18:22:09.408 [info] > git for-each-ref --format=%(refname)%00%(upstream:short)%00%(objectname)%00%(upstream:track)%00%(upstream:remotename)%00%(upstream:remoteref) refs/heads/main refs/remotes/main [2ms]
2026-04-19 18:22:09.421 [info] > git status -z -uall [7ms]
2026-04-19 18:22:09.422 [info] > git for-each-ref --sort -committerdate --format %(refname)%00%(objectname)%00%(*objectname) [2ms]
2026-04-19 18:22:14.437 [info] [Git][getRemotes] No remotes found in the git config file
2026-04-19 18:22:14.438 [info] > git config --get commit.template [7ms]
2026-04-19 18:22:14.439 [info] > git for-each-ref --format=%(refname)%00%(upstream:short)%00%(objectname)%00%(upstream:track)%00%(upstream:remotename)%00%(upstream:remoteref) refs/heads/main refs/remotes/main [2ms]
2026-04-19 18:22:14.451 [info] > git status -z -uall [7ms]
2026-04-19 18:22:14.452 [info] > git for-each-ref --sort -committerdate --format %(refname)%00%(objectname)%00%(*objectname) [2ms]
2026-04-19 18:22:37.192 [info] [Git][getRemotes] No remotes found in the git config file
2026-04-19 18:22:37.192 [info] > git config --get commit.template [7ms]
2026-04-19 18:22:37.193 [info] > git for-each-ref --format=%(refname)%00%(upstream:short)%00%(objectname)%00%(upstream:track)%00%(upstream:remotename)%00%(upstream:remoteref) refs/heads/main refs/remotes/main [2ms]
2026-04-19 18:22:37.204 [info] > git status -z -uall [6ms]
2026-04-19 18:22:37.205 [info] > git for-each-ref --sort -committerdate --format %(refname)%00%(objectname)%00%(*objectname) [2ms]
2026-04-19 18:23:01.616 [info] [Git][getRemotes] No remotes found in the git config file
2026-04-19 18:23:01.617 [info] > git config --get commit.template [10ms]
2026-04-19 18:23:01.617 [info] > git for-each-ref --format=%(refname)%00%(upstream:short)%00%(objectname)%00%(upstream:track)%00%(upstream:remotename)%00%(upstream:remoteref) refs/heads/main refs/remotes/main [2ms]
2026-04-19 18:23:01.632 [info] > git status -z -uall [8ms]
2026-04-19 18:23:01.633 [info] > git for-each-ref --sort -committerdate --format %(refname)%00%(objectname)%00%(*objectname) [2ms]
2026-04-19 18:23:01.645 [info] > git blame --root --incremental cb9e3e52914b63303278aaef1b492e8df7183e94 -- .env [3ms]
2026-04-19 18:23:01.645 [info] fatal: no such path .env in cb9e3e52914b63303278aaef1b492e8df7183e94
2026-04-19 18:23:02.657 [info] [Git][getRemotes] No remotes found in the git config file
2026-04-19 18:23:02.658 [info] > git config --get commit.template [8ms]
2026-04-19 18:23:02.659 [info] > git for-each-ref --format=%(refname)%00%(upstream:short)%00%(objectname)%00%(upstream:track)%00%(upstream:remotename)%00%(upstream:remoteref) refs/heads/main refs/remotes/main [2ms]
2026-04-19 18:23:02.670 [info] > git status -z -uall [6ms]
2026-04-19 18:23:02.671 [info] > git for-each-ref --sort -committerdate --format %(refname)%00%(objectname)%00%(*objectname) [2ms]
2026-04-19 18:23:22.217 [info] [Git][getRemotes] No remotes found in the git config file
2026-04-19 18:23:22.217 [info] > git config --get commit.template [7ms]
2026-04-19 18:23:22.218 [info] > git for-each-ref --format=%(refname)%00%(upstream:short)%00%(objectname)%00%(upstream:track)%00%(upstream:remotename)%00%(upstream:remoteref) refs/heads/main refs/remotes/main [2ms]
2026-04-19 18:23:22.229 [info] > git status -z -uall [6ms]
2026-04-19 18:23:22.230 [info] > git for-each-ref --sort -committerdate --format %(refname)%00%(objectname)%00%(*objectname) [2ms]
2026-04-19 18:23:27.245 [info] [Git][getRemotes] No remotes found in the git config file
2026-04-19 18:23:27.246 [info] > git config --get commit.template [7ms]
2026-04-19 18:23:27.246 [info] > git for-each-ref --format=%(refname)%00%(upstream:short)%00%(objectname)%00%(upstream:track)%00%(upstream:remotename)%00%(upstream:remoteref) refs/heads/main refs/remotes/main [1ms]
2026-04-19 18:23:27.258 [info] > git status -z -uall [6ms]
2026-04-19 18:23:27.259 [info] > git for-each-ref --sort -committerdate --format %(refname)%00%(objectname)%00%(*objectname) [1ms]
2026-04-19 18:24:32.114 [info] [Git][getRemotes] No remotes found in the git config file
2026-04-19 18:24:32.114 [info] > git config --get commit.template [6ms]
2026-04-19 18:24:32.115 [info] > git for-each-ref --format=%(refname)%00%(upstream:short)%00%(objectname)%00%(upstream:track)%00%(upstream:remotename)%00%(upstream:remoteref) refs/heads/main refs/remotes/main [1ms]
2026-04-19 18:24:32.127 [info] > git status -z -uall [6ms]
2026-04-19 18:24:32.128 [info] > git for-each-ref --sort -committerdate --format %(refname)%00%(objectname)%00%(*objectname) [2ms]
2026-04-19 18:24:40.096 [info] [Git][getRemotes] No remotes found in the git config file
2026-04-19 18:24:40.096 [info] > git config --get commit.template [8ms]
2026-04-19 18:24:40.097 [info] > git for-each-ref --format=%(refname)%00%(upstream:short)%00%(objectname)%00%(upstream:track)%00%(upstream:remotename)%00%(upstream:remoteref) refs/heads/main refs/remotes/main [1ms]
2026-04-19 18:24:40.109 [info] > git status -z -uall [7ms]
2026-04-19 18:24:40.110 [info] > git for-each-ref --sort -committerdate --format %(refname)%00%(objectname)%00%(*objectname) [2ms]
2026-04-19 18:24:48.247 [info] > git config --get commit.template [1ms]
2026-04-19 18:24:48.253 [info] [Git][getRemotes] No remotes found in the git config file
2026-04-19 18:24:48.254 [info] > git for-each-ref --format=%(refname)%00%(upstream:short)%00%(objectname)%00%(upstream:track)%00%(upstream:remotename)%00%(upstream:remoteref) refs/heads/main refs/remotes/main [1ms]
2026-04-19 18:24:48.265 [info] > git status -z -uall [6ms]
2026-04-19 18:24:48.266 [info] > git for-each-ref --sort -committerdate --format %(refname)%00%(objectname)%00%(*objectname) [1ms]
2026-04-19 18:25:12.789 [info] [Git][getRemotes] No remotes found in the git config file
2026-04-19 18:25:12.789 [info] > git config --get commit.template [6ms]
2026-04-19 18:25:12.790 [info] > git for-each-ref --format=%(refname)%00%(upstream:short)%00%(objectname)%00%(upstream:track)%00%(upstream:remotename)%00%(upstream:remoteref) refs/heads/main refs/remotes/main [1ms]
2026-04-19 18:25:12.802 [info] > git status -z -uall [6ms]
2026-04-19 18:25:12.803 [info] > git for-each-ref --sort -committerdate --format %(refname)%00%(objectname)%00%(*objectname) [1ms]
2026-04-19 18:25:56.186 [info] [Git][getRemotes] No remotes found in the git config file
2026-04-19 18:25:56.187 [info] > git config --get commit.template [7ms]
2026-04-19 18:25:56.188 [info] > git for-each-ref --format=%(refname)%00%(upstream:short)%00%(objectname)%00%(upstream:track)%00%(upstream:remotename)%00%(upstream:remoteref) refs/heads/main refs/remotes/main [2ms]
2026-04-19 18:25:56.199 [info] > git status -z -uall [6ms]
2026-04-19 18:25:56.200 [info] > git for-each-ref --sort -committerdate --format %(refname)%00%(objectname)%00%(*objectname) [2ms]
2026-04-19 18:31:35.222 [info] [Git][getRemotes] No remotes found in the git config file
2026-04-19 18:31:35.228 [info] > git config --get commit.template [7ms]
2026-04-19 18:31:35.229 [info] > git for-each-ref --format=%(refname)%00%(upstream:short)%00%(objectname)%00%(upstream:track)%00%(upstream:remotename)%00%(upstream:remoteref) refs/heads/main refs/remotes/main [1ms]
2026-04-19 18:31:35.239 [info] > git status -z -uall [5ms]
2026-04-19 18:31:35.240 [info] > git for-each-ref --sort -committerdate --format %(refname)%00%(objectname)%00%(*objectname) [1ms]
2026-04-19 18:34:32.403 [info] [Git][getRemotes] No remotes found in the git config file
2026-04-19 18:34:32.403 [info] > git config --get commit.template [5ms]
2026-04-19 18:34:32.404 [info] > git for-each-ref --format=%(refname)%00%(upstream:short)%00%(objectname)%00%(upstream:track)%00%(upstream:remotename)%00%(upstream:remoteref) refs/heads/main refs/remotes/main [1ms]
2026-04-19 18:34:32.416 [info] > git status -z -uall [6ms]
2026-04-19 18:34:32.417 [info] > git for-each-ref --sort -committerdate --format %(refname)%00%(objectname)%00%(*objectname) [2ms]
2026-04-19 18:37:49.738 [info] [Git][getRemotes] No remotes found in the git config file
2026-04-19 18:37:49.739 [info] > git config --get commit.template [7ms]
2026-04-19 18:37:49.740 [info] > git for-each-ref --format=%(refname)%00%(upstream:short)%00%(objectname)%00%(upstream:track)%00%(upstream:remotename)%00%(upstream:remoteref) refs/heads/main refs/remotes/main [2ms]
2026-04-19 18:37:49.752 [info] > git status -z -uall [7ms]
2026-04-19 18:37:49.752 [info] > git for-each-ref --sort -committerdate --format %(refname)%00%(objectname)%00%(*objectname) [2ms]
2026-04-19 18:38:43.605 [info] [Git][getRemotes] No remotes found in the git config file
2026-04-19 18:38:43.605 [info] > git config --get commit.template [6ms]
2026-04-19 18:38:43.606 [info] > git for-each-ref --format=%(refname)%00%(upstream:short)%00%(objectname)%00%(upstream:track)%00%(upstream:remotename)%00%(upstream:remoteref) refs/heads/main refs/remotes/main [2ms]
2026-04-19 18:38:43.619 [info] > git status -z -uall [8ms]
2026-04-19 18:38:43.619 [info] > git for-each-ref --sort -committerdate --format %(refname)%00%(objectname)%00%(*objectname) [2ms]
2026-04-19 18:38:48.637 [info] [Git][getRemotes] No remotes found in the git config file
2026-04-19 18:38:48.638 [info] > git config --get commit.template [6ms]
2026-04-19 18:38:48.639 [info] > git for-each-ref --format=%(refname)%00%(upstream:short)%00%(objectname)%00%(upstream:track)%00%(upstream:remotename)%00%(upstream:remoteref) refs/heads/main refs/remotes/main [2ms]
2026-04-19 18:38:48.649 [info] > git status -z -uall [6ms]
2026-04-19 18:38:48.650 [info] > git for-each-ref --sort -committerdate --format %(refname)%00%(objectname)%00%(*objectname) [1ms]
2026-04-19 18:38:53.665 [info] [Git][getRemotes] No remotes found in the git config file
2026-04-19 18:38:53.665 [info] > git config --get commit.template [6ms]
2026-04-19 18:38:53.666 [info] > git for-each-ref --format=%(refname)%00%(upstream:short)%00%(objectname)%00%(upstream:track)%00%(upstream:remotename)%00%(upstream:remoteref) refs/heads/main refs/remotes/main [2ms]
2026-04-19 18:38:53.678 [info] > git status -z -uall [6ms]
2026-04-19 18:38:53.679 [info] > git for-each-ref --sort -committerdate --format %(refname)%00%(objectname)%00%(*objectname) [2ms]
2026-04-19 18:39:08.176 [info] > git config --get commit.template [1ms]
2026-04-19 18:39:08.183 [info] [Git][getRemotes] No remotes found in the git config file
2026-04-19 18:39:08.185 [info] > git for-each-ref --format=%(refname)%00%(upstream:short)%00%(objectname)%00%(upstream:track)%00%(upstream:remotename)%00%(upstream:remoteref) refs/heads/main refs/remotes/main [2ms]
2026-04-19 18:39:08.198 [info] > git status -z -uall [6ms]
2026-04-19 18:39:08.199 [info] > git for-each-ref --sort -committerdate --format %(refname)%00%(objectname)%00%(*objectname) [2ms]
2026-04-19 18:39:13.213 [info] [Git][getRemotes] No remotes found in the git config file
2026-04-19 18:39:13.213 [info] > git config --get commit.template [6ms]
2026-04-19 18:39:13.214 [info] > git for-each-ref --format=%(refname)%00%(upstream:short)%00%(objectname)%00%(upstream:track)%00%(upstream:remotename)%00%(upstream:remoteref) refs/heads/main refs/remotes/main [1ms]
2026-04-19 18:39:13.226 [info] > git status -z -uall [6ms]
2026-04-19 18:39:13.227 [info] > git for-each-ref --sort -committerdate --format %(refname)%00%(objectname)%00%(*objectname) [2ms]
2026-04-19 18:39:27.844 [info] > git check-ignore -v -z --stdin [2ms]
2026-04-19 18:39:31.927 [info] > git check-ignore -v -z --stdin [2ms]
2026-04-19 18:39:33.189 [info] > git check-ignore -v -z --stdin [1ms]
2026-04-19 18:39:35.529 [info] > git check-ignore -v -z --stdin [2ms]
2026-04-19 18:39:36.785 [info] > git check-ignore -v -z --stdin [1ms]
2026-04-19 18:39:43.555 [info] > git check-ignore -v -z --stdin [1ms]
2026-04-19 18:41:13.070 [info] [Git][getRemotes] No remotes found in the git config file
2026-04-19 18:41:13.071 [info] > git config --get commit.template [7ms]
2026-04-19 18:41:13.072 [info] > git for-each-ref --format=%(refname)%00%(upstream:short)%00%(objectname)%00%(upstream:track)%00%(upstream:remotename)%00%(upstream:remoteref) refs/heads/main refs/remotes/main [2ms]
2026-04-19 18:41:13.083 [info] > git status -z -uall [6ms]
2026-04-19 18:41:13.084 [info] > git for-each-ref --sort -committerdate --format %(refname)%00%(objectname)%00%(*objectname) [1ms]
2026-04-19 18:41:18.100 [info] [Git][getRemotes] No remotes found in the git config file
2026-04-19 18:41:18.101 [info] > git config --get commit.template [6ms]
2026-04-19 18:41:18.102 [info] > git for-each-ref --format=%(refname)%00%(upstream:short)%00%(objectname)%00%(upstream:track)%00%(upstream:remotename)%00%(upstream:remoteref) refs/heads/main refs/remotes/main [2ms]
2026-04-19 18:41:18.113 [info] > git status -z -uall [6ms]
2026-04-19 18:41:18.114 [info] > git for-each-ref --sort -committerdate --format %(refname)%00%(objectname)%00%(*objectname) [1ms]
2026-04-19 18:41:41.832 [info] [Git][getRemotes] No remotes found in the git config file
2026-04-19 18:41:41.833 [info] > git config --get commit.template [7ms]
2026-04-19 18:41:41.834 [info] > git for-each-ref --format=%(refname)%00%(upstream:short)%00%(objectname)%00%(upstream:track)%00%(upstream:remotename)%00%(upstream:remoteref) refs/heads/main refs/remotes/main [2ms]
2026-04-19 18:41:41.845 [info] > git status -z -uall [6ms]
2026-04-19 18:41:41.846 [info] > git for-each-ref --sort -committerdate --format %(refname)%00%(objectname)%00%(*objectname) [2ms]
2026-04-19 18:41:46.857 [info] [Git][getRemotes] No remotes found in the git config file
2026-04-19 18:41:46.862 [info] > git config --get commit.template [6ms]
2026-04-19 18:41:46.863 [info] > git for-each-ref --format=%(refname)%00%(upstream:short)%00%(objectname)%00%(upstream:track)%00%(upstream:remotename)%00%(upstream:remoteref) refs/heads/main refs/remotes/main [1ms]
2026-04-19 18:41:46.875 [info] > git status -z -uall [5ms]
2026-04-19 18:41:46.877 [info] > git for-each-ref --sort -committerdate --format %(refname)%00%(objectname)%00%(*objectname) [1ms]
2026-04-19 18:42:01.238 [info] [Git][getRemotes] No remotes found in the git config file
2026-04-19 18:42:01.244 [info] > git config --get commit.template [7ms]
2026-04-19 18:42:01.245 [info] > git for-each-ref --format=%(refname)%00%(upstream:short)%00%(objectname)%00%(upstream:track)%00%(upstream:remotename)%00%(upstream:remoteref) refs/heads/main refs/remotes/main [2ms]
2026-04-19 18:42:01.256 [info] > git status -z -uall [7ms]
2026-04-19 18:42:01.257 [info] > git for-each-ref --sort -committerdate --format %(refname)%00%(objectname)%00%(*objectname) [2ms]
2026-04-19 18:42:06.272 [info] [Git][getRemotes] No remotes found in the git config file
2026-04-19 18:42:06.273 [info] > git config --get commit.template [6ms]
2026-04-19 18:42:06.274 [info] > git for-each-ref --format=%(refname)%00%(upstream:short)%00%(objectname)%00%(upstream:track)%00%(upstream:remotename)%00%(upstream:remoteref) refs/heads/main refs/remotes/main [2ms]
2026-04-19 18:42:06.285 [info] > git status -z -uall [6ms]
2026-04-19 18:42:06.287 [info] > git for-each-ref --sort -committerdate --format %(refname)%00%(objectname)%00%(*objectname) [1ms]
2026-04-19 18:42:22.593 [info] [Git][getRemotes] No remotes found in the git config file
2026-04-19 18:42:22.593 [info] > git config --get commit.template [9ms]
2026-04-19 18:42:22.594 [info] > git for-each-ref --format=%(refname)%00%(upstream:short)%00%(objectname)%00%(upstream:track)%00%(upstream:remotename)%00%(upstream:remoteref) refs/heads/main refs/remotes/main [2ms]
2026-04-19 18:42:22.607 [info] > git status -z -uall [7ms]
2026-04-19 18:42:22.608 [info] > git for-each-ref --sort -committerdate --format %(refname)%00%(objectname)%00%(*objectname) [1ms]
2026-04-19 18:42:27.626 [info] [Git][getRemotes] No remotes found in the git config file
2026-04-19 18:42:27.626 [info] > git config --get commit.template [8ms]
2026-04-19 18:42:27.628 [info] > git for-each-ref --format=%(refname)%00%(upstream:short)%00%(objectname)%00%(upstream:track)%00%(upstream:remotename)%00%(upstream:remoteref) refs/heads/main refs/remotes/main [2ms]
2026-04-19 18:42:27.640 [info] > git status -z -uall [7ms]
2026-04-19 18:42:27.641 [info] > git for-each-ref --sort -committerdate --format %(refname)%00%(objectname)%00%(*objectname) [2ms]
2026-04-19 18:42:32.657 [info] [Git][getRemotes] No remotes found in the git config file
2026-04-19 18:42:32.658 [info] > git config --get commit.template [8ms]
2026-04-19 18:42:32.659 [info] > git for-each-ref --format=%(refname)%00%(upstream:short)%00%(objectname)%00%(upstream:track)%00%(upstream:remotename)%00%(upstream:remoteref) refs/heads/main refs/remotes/main [2ms]
2026-04-19 18:42:32.679 [info] > git status -z -uall [10ms]
2026-04-19 18:42:32.680 [info] > git for-each-ref --sort -committerdate --format %(refname)%00%(objectname)%00%(*objectname) [2ms]
2026-04-19 18:42:48.163 [info] [Git][getRemotes] No remotes found in the git config file
2026-04-19 18:42:48.164 [info] > git config --get commit.template [6ms]
2026-04-19 18:42:48.165 [info] > git for-each-ref --format=%(refname)%00%(upstream:short)%00%(objectname)%00%(upstream:track)%00%(upstream:remotename)%00%(upstream:remoteref) refs/heads/main refs/remotes/main [2ms]
2026-04-19 18:42:48.177 [info] > git status -z -uall [6ms]
2026-04-19 18:42:48.178 [info] > git for-each-ref --sort -committerdate --format %(refname)%00%(objectname)%00%(*objectname) [2ms]
2026-04-19 18:43:05.646 [info] [Git][getRemotes] No remotes found in the git config file
2026-04-19 18:43:05.646 [info] > git config --get commit.template [7ms]
2026-04-19 18:43:05.647 [info] > git for-each-ref --format=%(refname)%00%(upstream:short)%00%(objectname)%00%(upstream:track)%00%(upstream:remotename)%00%(upstream:remoteref) refs/heads/main refs/remotes/main [1ms]
2026-04-19 18:43:05.660 [info] > git status -z -uall [8ms]
2026-04-19 18:43:05.661 [info] > git for-each-ref --sort -committerdate --format %(refname)%00%(objectname)%00%(*objectname) [1ms]
2026-04-19 18:43:10.672 [info] > git config --get commit.template [2ms]
2026-04-19 18:43:10.672 [info] [Git][getRemotes] No remotes found in the git config file
2026-04-19 18:43:10.679 [info] > git for-each-ref --format=%(refname)%00%(upstream:short)%00%(objectname)%00%(upstream:track)%00%(upstream:remotename)%00%(upstream:remoteref) refs/heads/main refs/remotes/main [2ms]
2026-04-19 18:43:10.690 [info] > git status -z -uall [5ms]
2026-04-19 18:43:10.692 [info] > git for-each-ref --sort -committerdate --format %(refname)%00%(objectname)%00%(*objectname) [2ms]
2026-04-19 18:45:18.130 [info] > git config --get commit.template [2ms]
2026-04-19 18:45:18.130 [info] [Git][getRemotes] No remotes found in the git config file
2026-04-19 18:45:18.136 [info] > git for-each-ref --format=%(refname)%00%(upstream:short)%00%(objectname)%00%(upstream:track)%00%(upstream:remotename)%00%(upstream:remoteref) refs/heads/main refs/remotes/main [1ms]
2026-04-19 18:45:18.148 [info] > git status -z -uall [6ms]
2026-04-19 18:45:18.149 [info] > git for-each-ref --sort -committerdate --format %(refname)%00%(objectname)%00%(*objectname) [2ms]
2026-04-19 18:45:23.165 [info] [Git][getRemotes] No remotes found in the git config file
2026-04-19 18:45:23.165 [info] > git config --get commit.template [6ms]
2026-04-19 18:45:23.166 [info] > git for-each-ref --format=%(refname)%00%(upstream:short)%00%(objectname)%00%(upstream:track)%00%(upstream:remotename)%00%(upstream:remoteref) refs/heads/main refs/remotes/main [1ms]
2026-04-19 18:45:23.179 [info] > git status -z -uall [6ms]
2026-04-19 18:45:23.180 [info] > git for-each-ref --sort -committerdate --format %(refname)%00%(objectname)%00%(*objectname) [1ms]
2026-04-19 18:45:52.164 [info] [Git][getRemotes] No remotes found in the git config file
2026-04-19 18:45:52.164 [info] > git config --get commit.template [6ms]
2026-04-19 18:45:52.165 [info] > git for-each-ref --format=%(refname)%00%(upstream:short)%00%(objectname)%00%(upstream:track)%00%(upstream:remotename)%00%(upstream:remoteref) refs/heads/main refs/remotes/main [1ms]
2026-04-19 18:45:52.177 [info] > git status -z -uall [6ms]
2026-04-19 18:45:52.178 [info] > git for-each-ref --sort -committerdate --format %(refname)%00%(objectname)%00%(*objectname) [1ms]
2026-04-19 18:45:57.187 [info] [Git][getRemotes] No remotes found in the git config file
2026-04-19 18:45:57.194 [info] > git config --get commit.template [7ms]
2026-04-19 18:45:57.195 [info] > git for-each-ref --format=%(refname)%00%(upstream:short)%00%(objectname)%00%(upstream:track)%00%(upstream:remotename)%00%(upstream:remoteref) refs/heads/main refs/remotes/main [1ms]
2026-04-19 18:45:57.210 [info] > git status -z -uall [8ms]
2026-04-19 18:45:57.211 [info] > git for-each-ref --sort -committerdate --format %(refname)%00%(objectname)%00%(*objectname) [2ms]
2026-04-19 18:46:02.331 [info] > git config --get commit.template [2ms]
2026-04-19 18:46:02.337 [info] [Git][getRemotes] No remotes found in the git config file
2026-04-19 18:46:02.338 [info] > git for-each-ref --format=%(refname)%00%(upstream:short)%00%(objectname)%00%(upstream:track)%00%(upstream:remotename)%00%(upstream:remoteref) refs/heads/main refs/remotes/main [2ms]
2026-04-19 18:46:02.350 [info] > git status -z -uall [6ms]
2026-04-19 18:46:02.351 [info] > git for-each-ref --sort -committerdate --format %(refname)%00%(objectname)%00%(*objectname) [2ms]
2026-04-19 18:46:08.024 [info] [Git][getRemotes] No remotes found in the git config file
2026-04-19 18:46:08.029 [info] > git config --get commit.template [6ms]
2026-04-19 18:46:08.030 [info] > git for-each-ref --format=%(refname)%00%(upstream:short)%00%(objectname)%00%(upstream:track)%00%(upstream:remotename)%00%(upstream:remoteref) refs/heads/main refs/remotes/main [1ms]
2026-04-19 18:46:08.042 [info] > git status -z -uall [6ms]
2026-04-19 18:46:08.043 [info] > git for-each-ref --sort -committerdate --format %(refname)%00%(objectname)%00%(*objectname) [2ms]
2026-04-19 18:46:13.057 [info] [Git][getRemotes] No remotes found in the git config file
2026-04-19 18:46:13.058 [info] > git config --get commit.template [6ms]
2026-04-19 18:46:13.059 [info] > git for-each-ref --format=%(refname)%00%(upstream:short)%00%(objectname)%00%(upstream:track)%00%(upstream:remotename)%00%(upstream:remoteref) refs/heads/main refs/remotes/main [2ms]
2026-04-19 18:46:13.070 [info] > git status -z -uall [6ms]
2026-04-19 18:46:13.071 [info] > git for-each-ref --sort -committerdate --format %(refname)%00%(objectname)%00%(*objectname) [2ms]
2026-04-19 18:46:18.086 [info] [Git][getRemotes] No remotes found in the git config file
2026-04-19 18:46:18.086 [info] > git config --get commit.template [7ms]
2026-04-19 18:46:18.087 [info] > git for-each-ref --format=%(refname)%00%(upstream:short)%00%(objectname)%00%(upstream:track)%00%(upstream:remotename)%00%(upstream:remoteref) refs/heads/main refs/remotes/main [1ms]
2026-04-19 18:46:18.099 [info] > git status -z -uall [7ms]
2026-04-19 18:46:18.100 [info] > git for-each-ref --sort -committerdate --format %(refname)%00%(objectname)%00%(*objectname) [2ms]
2026-04-19 18:46:25.985 [info] [Git][getRemotes] No remotes found in the git config file
2026-04-19 18:46:25.985 [info] > git config --get commit.template [6ms]
2026-04-19 18:46:25.986 [info] > git for-each-ref --format=%(refname)%00%(upstream:short)%00%(objectname)%00%(upstream:track)%00%(upstream:remotename)%00%(upstream:remoteref) refs/heads/main refs/remotes/main [1ms]
2026-04-19 18:46:25.998 [info] > git status -z -uall [6ms]
2026-04-19 18:46:25.999 [info] > git for-each-ref --sort -committerdate --format %(refname)%00%(objectname)%00%(*objectname) [2ms]
2026-04-19 18:46:54.982 [info] [Git][getRemotes] No remotes found in the git config file
2026-04-19 18:46:54.982 [info] > git config --get commit.template [6ms]
2026-04-19 18:46:54.983 [info] > git for-each-ref --format=%(refname)%00%(upstream:short)%00%(objectname)%00%(upstream:track)%00%(upstream:remotename)%00%(upstream:remoteref) refs/heads/main refs/remotes/main [1ms]
2026-04-19 18:46:54.996 [info] > git status -z -uall [6ms]
2026-04-19 18:46:54.997 [info] > git for-each-ref --sort -committerdate --format %(refname)%00%(objectname)%00%(*objectname) [1ms]
2026-04-19 18:47:00.014 [info] [Git][getRemotes] No remotes found in the git config file
2026-04-19 18:47:00.014 [info] > git config --get commit.template [6ms]
2026-04-19 18:47:00.015 [info] > git for-each-ref --format=%(refname)%00%(upstream:short)%00%(objectname)%00%(upstream:track)%00%(upstream:remotename)%00%(upstream:remoteref) refs/heads/main refs/remotes/main [1ms]
2026-04-19 18:47:00.026 [info] > git status -z -uall [6ms]
2026-04-19 18:47:00.027 [info] > git for-each-ref --sort -committerdate --format %(refname)%00%(objectname)%00%(*objectname) [2ms]
2026-04-19 18:47:05.825 [info] [Git][getRemotes] No remotes found in the git config file
2026-04-19 18:47:05.826 [info] > git config --get commit.template [6ms]
2026-04-19 18:47:05.827 [info] > git for-each-ref --format=%(refname)%00%(upstream:short)%00%(objectname)%00%(upstream:track)%00%(upstream:remotename)%00%(upstream:remoteref) refs/heads/main refs/remotes/main [2ms]
2026-04-19 18:47:05.837 [info] > git status -z -uall [5ms]
2026-04-19 18:47:05.839 [info] > git for-each-ref --sort -committerdate --format %(refname)%00%(objectname)%00%(*objectname) [2ms]
2026-04-19 18:47:10.849 [info] [Git][getRemotes] No remotes found in the git config file
2026-04-19 18:47:10.855 [info] > git config --get commit.template [6ms]
2026-04-19 18:47:10.856 [info] > git for-each-ref --format=%(refname)%00%(upstream:short)%00%(objectname)%00%(upstream:track)%00%(upstream:remotename)%00%(upstream:remoteref) refs/heads/main refs/remotes/main [1ms]
2026-04-19 18:47:10.868 [info] > git status -z -uall [6ms]
2026-04-19 18:47:10.869 [info] > git for-each-ref --sort -committerdate --format %(refname)%00%(objectname)%00%(*objectname) [2ms]
2026-04-19 18:47:15.884 [info] [Git][getRemotes] No remotes found in the git config file
2026-04-19 18:47:15.885 [info] > git config --get commit.template [7ms]
2026-04-19 18:47:15.886 [info] > git for-each-ref --format=%(refname)%00%(upstream:short)%00%(objectname)%00%(upstream:track)%00%(upstream:remotename)%00%(upstream:remoteref) refs/heads/main refs/remotes/main [2ms]
2026-04-19 18:47:15.896 [info] > git status -z -uall [5ms]
2026-04-19 18:47:15.897 [info] > git for-each-ref --sort -committerdate --format %(refname)%00%(objectname)%00%(*objectname) [1ms]
2026-04-19 18:48:28.860 [info] [Git][getRemotes] No remotes found in the git config file
2026-04-19 18:48:28.860 [info] > git config --get commit.template [9ms]
2026-04-19 18:48:28.861 [info] > git for-each-ref --format=%(refname)%00%(upstream:short)%00%(objectname)%00%(upstream:track)%00%(upstream:remotename)%00%(upstream:remoteref) refs/heads/main refs/remotes/main [2ms]
2026-04-19 18:48:28.877 [info] > git status -z -uall [9ms]
2026-04-19 18:48:28.879 [info] > git for-each-ref --sort -committerdate --format %(refname)%00%(objectname)%00%(*objectname) [3ms]
2026-04-19 18:48:33.896 [info] [Git][getRemotes] No remotes found in the git config file
2026-04-19 18:48:33.896 [info] > git config --get commit.template [9ms]
2026-04-19 18:48:33.897 [info] > git for-each-ref --format=%(refname)%00%(upstream:short)%00%(objectname)%00%(upstream:track)%00%(upstream:remotename)%00%(upstream:remoteref) refs/heads/main refs/remotes/main [2ms]
2026-04-19 18:48:33.911 [info] > git status -z -uall [8ms]
2026-04-19 18:48:33.912 [info] > git for-each-ref --sort -committerdate --format %(refname)%00%(objectname)%00%(*objectname) [1ms]
2026-04-19 18:48:38.929 [info] [Git][getRemotes] No remotes found in the git config file
2026-04-19 18:48:38.930 [info] > git config --get commit.template [8ms]
2026-04-19 18:48:38.931 [info] > git for-each-ref --format=%(refname)%00%(upstream:short)%00%(objectname)%00%(upstream:track)%00%(upstream:remotename)%00%(upstream:remoteref) refs/heads/main refs/remotes/main [2ms]
2026-04-19 18:48:38.944 [info] > git status -z -uall [6ms]
2026-04-19 18:48:38.946 [info] > git for-each-ref --sort -committerdate --format %(refname)%00%(objectname)%00%(*objectname) [2ms]
2026-04-19 18:49:04.880 [info] [Git][getRemotes] No remotes found in the git config file
2026-04-19 18:49:04.881 [info] > git config --get commit.template [9ms]
2026-04-19 18:49:04.881 [info] > git for-each-ref --format=%(refname)%00%(upstream:short)%00%(objectname)%00%(upstream:track)%00%(upstream:remotename)%00%(upstream:remoteref) refs/heads/main refs/remotes/main [1ms]
2026-04-19 18:49:04.897 [info] > git status -z -uall [9ms]
2026-04-19 18:49:04.898 [info] > git for-each-ref --sort -committerdate --format %(refname)%00%(objectname)%00%(*objectname) [2ms]
2026-04-19 18:49:48.978 [info] > git config --get commit.template [2ms]
2026-04-19 18:49:48.985 [info] [Git][getRemotes] No remotes found in the git config file
2026-04-19 18:49:48.987 [info] > git for-each-ref --format=%(refname)%00%(upstream:short)%00%(objectname)%00%(upstream:track)%00%(upstream:remotename)%00%(upstream:remoteref) refs/heads/main refs/remotes/main [2ms]
2026-04-19 18:49:49.003 [info] > git status -z -uall [9ms]
2026-04-19 18:49:49.004 [info] > git for-each-ref --sort -committerdate --format %(refname)%00%(objectname)%00%(*objectname) [3ms]
2026-04-19 18:50:41.485 [info] [Git][getRemotes] No remotes found in the git config file
2026-04-19 18:50:41.486 [info] > git config --get commit.template [7ms]
2026-04-19 18:50:41.487 [info] > git for-each-ref --format=%(refname)%00%(upstream:short)%00%(objectname)%00%(upstream:track)%00%(upstream:remotename)%00%(upstream:remoteref) refs/heads/main refs/remotes/main [2ms]
2026-04-19 18:50:41.499 [info] > git status -z -uall [8ms]
2026-04-19 18:50:41.500 [info] > git for-each-ref --sort -committerdate --format %(refname)%00%(objectname)%00%(*objectname) [2ms]
2026-04-19 18:50:46.513 [info] [Git][getRemotes] No remotes found in the git config file
2026-04-19 18:50:46.514 [info] > git config --get commit.template [6ms]
2026-04-19 18:50:46.515 [info] > git for-each-ref --format=%(refname)%00%(upstream:short)%00%(objectname)%00%(upstream:track)%00%(upstream:remotename)%00%(upstream:remoteref) refs/heads/main refs/remotes/main [2ms]
2026-04-19 18:50:46.525 [info] > git status -z -uall [5ms]
2026-04-19 18:50:46.526 [info] > git for-each-ref --sort -committerdate --format %(refname)%00%(objectname)%00%(*objectname) [1ms]
2026-04-19 18:50:51.543 [info] [Git][getRemotes] No remotes found in the git config file
2026-04-19 18:50:51.543 [info] > git config --get commit.template [7ms]
2026-04-19 18:50:51.544 [info] > git for-each-ref --format=%(refname)%00%(upstream:short)%00%(objectname)%00%(upstream:track)%00%(upstream:remotename)%00%(upstream:remoteref) refs/heads/main refs/remotes/main [1ms]
2026-04-19 18:50:51.555 [info] > git status -z -uall [6ms]
2026-04-19 18:50:51.557 [info] > git for-each-ref --sort -committerdate --format %(refname)%00%(objectname)%00%(*objectname) [2ms]
2026-04-19 18:52:52.825 [info] [Git][getRemotes] No remotes found in the git config file
2026-04-19 18:52:52.830 [info] > git config --get commit.template [6ms]
2026-04-19 18:52:52.831 [info] > git for-each-ref --format=%(refname)%00%(upstream:short)%00%(objectname)%00%(upstream:track)%00%(upstream:remotename)%00%(upstream:remoteref) refs/heads/main refs/remotes/main [1ms]
2026-04-19 18:52:52.844 [info] > git status -z -uall [8ms]
2026-04-19 18:52:52.845 [info] > git for-each-ref --sort -committerdate --format %(refname)%00%(objectname)%00%(*objectname) [2ms]
2026-04-19 18:52:57.862 [info] [Git][getRemotes] No remotes found in the git config file
2026-04-19 18:52:57.863 [info] > git config --get commit.template [8ms]
2026-04-19 18:52:57.864 [info] > git for-each-ref --format=%(refname)%00%(upstream:short)%00%(objectname)%00%(upstream:track)%00%(upstream:remotename)%00%(upstream:remoteref) refs/heads/main refs/remotes/main [2ms]
2026-04-19 18:52:57.874 [info] > git status -z -uall [6ms]
2026-04-19 18:52:57.876 [info] > git for-each-ref --sort -committerdate --format %(refname)%00%(objectname)%00%(*objectname) [2ms]
2026-04-19 18:53:02.891 [info] [Git][getRemotes] No remotes found in the git config file
2026-04-19 18:53:02.892 [info] > git config --get commit.template [7ms]
2026-04-19 18:53:02.892 [info] > git for-each-ref --format=%(refname)%00%(upstream:short)%00%(objectname)%00%(upstream:track)%00%(upstream:remotename)%00%(upstream:remoteref) refs/heads/main refs/remotes/main [2ms]
2026-04-19 18:53:02.907 [info] > git status -z -uall [8ms]
2026-04-19 18:53:02.908 [info] > git for-each-ref --sort -committerdate --format %(refname)%00%(objectname)%00%(*objectname) [2ms]
2026-04-19 18:53:07.919 [info] > git config --get commit.template [1ms]
2026-04-19 18:53:07.925 [info] [Git][getRemotes] No remotes found in the git config file
2026-04-19 18:53:07.926 [info] > git for-each-ref --format=%(refname)%00%(upstream:short)%00%(objectname)%00%(upstream:track)%00%(upstream:remotename)%00%(upstream:remoteref) refs/heads/main refs/remotes/main [1ms]
2026-04-19 18:53:07.940 [info] > git status -z -uall [8ms]
2026-04-19 18:53:07.941 [info] > git for-each-ref --sort -committerdate --format %(refname)%00%(objectname)%00%(*objectname) [2ms]
2026-04-19 18:53:29.465 [info] [Git][getRemotes] No remotes found in the git config file
2026-04-19 18:53:29.465 [info] > git config --get commit.template [6ms]
2026-04-19 18:53:29.466 [info] > git for-each-ref --format=%(refname)%00%(upstream:short)%00%(objectname)%00%(upstream:track)%00%(upstream:remotename)%00%(upstream:remoteref) refs/heads/main refs/remotes/main [1ms]
2026-04-19 18:53:29.479 [info] > git status -z -uall [7ms]
2026-04-19 18:53:29.480 [info] > git for-each-ref --sort -committerdate --format %(refname)%00%(objectname)%00%(*objectname) [2ms]
2026-04-19 18:53:34.500 [info] [Git][getRemotes] No remotes found in the git config file
2026-04-19 18:53:34.500 [info] > git config --get commit.template [8ms]
2026-04-19 18:53:34.501 [info] > git for-each-ref --format=%(refname)%00%(upstream:short)%00%(objectname)%00%(upstream:track)%00%(upstream:remotename)%00%(upstream:remoteref) refs/heads/main refs/remotes/main [2ms]
2026-04-19 18:53:34.513 [info] > git status -z -uall [7ms]
2026-04-19 18:53:34.515 [info] > git for-each-ref --sort -committerdate --format %(refname)%00%(objectname)%00%(*objectname) [2ms]
2026-04-19 18:54:06.156 [info] [Git][getRemotes] No remotes found in the git config file
2026-04-19 18:54:06.157 [info] > git config --get commit.template [9ms]
2026-04-19 18:54:06.158 [info] > git for-each-ref --format=%(refname)%00%(upstream:short)%00%(objectname)%00%(upstream:track)%00%(upstream:remotename)%00%(upstream:remoteref) refs/heads/main refs/remotes/main [2ms]
2026-04-19 18:54:06.172 [info] > git status -z -uall [7ms]
2026-04-19 18:54:06.174 [info] > git for-each-ref --sort -committerdate --format %(refname)%00%(objectname)%00%(*objectname) [2ms]
2026-04-19 18:54:11.185 [info] [Git][getRemotes] No remotes found in the git config file
2026-04-19 18:54:11.191 [info] > git config --get commit.template [7ms]
2026-04-19 18:54:11.192 [info] > git for-each-ref --format=%(refname)%00%(upstream:short)%00%(objectname)%00%(upstream:track)%00%(upstream:remotename)%00%(upstream:remoteref) refs/heads/main refs/remotes/main [2ms]
2026-04-19 18:54:11.205 [info] > git status -z -uall [7ms]
2026-04-19 18:54:11.206 [info] > git for-each-ref --sort -committerdate --format %(refname)%00%(objectname)%00%(*objectname) [2ms]
2026-04-19 18:54:38.721 [info] [Git][getRemotes] No remotes found in the git config file
2026-04-19 18:54:38.722 [info] > git config --get commit.template [7ms]
2026-04-19 18:54:38.723 [info] > git for-each-ref --format=%(refname)%00%(upstream:short)%00%(objectname)%00%(upstream:track)%00%(upstream:remotename)%00%(upstream:remoteref) refs/heads/main refs/remotes/main [2ms]
2026-04-19 18:54:38.737 [info] > git status -z -uall [8ms]
2026-04-19 18:54:38.738 [info] > git for-each-ref --sort -committerdate --format %(refname)%00%(objectname)%00%(*objectname) [2ms]
2026-04-19 18:55:02.879 [info] [Git][getRemotes] No remotes found in the git config file
2026-04-19 18:55:02.879 [info] > git config --get commit.template [10ms]
2026-04-19 18:55:02.880 [info] > git for-each-ref --format=%(refname)%00%(upstream:short)%00%(objectname)%00%(upstream:track)%00%(upstream:remotename)%00%(upstream:remoteref) refs/heads/main refs/remotes/main [1ms]
2026-04-19 18:55:02.896 [info] > git status -z -uall [9ms]
2026-04-19 18:55:02.896 [info] > git for-each-ref --sort -committerdate --format %(refname)%00%(objectname)%00%(*objectname) [2ms]
2026-04-19 18:55:07.907 [info] > git config --get commit.template [1ms]
2026-04-19 18:55:07.916 [info] [Git][getRemotes] No remotes found in the git config file
2026-04-19 18:55:07.917 [info] > git for-each-ref --format=%(refname)%00%(upstream:short)%00%(objectname)%00%(upstream:track)%00%(upstream:remotename)%00%(upstream:remoteref) refs/heads/main refs/remotes/main [1ms]
2026-04-19 18:55:07.932 [info] > git status -z -uall [8ms]
2026-04-19 18:55:07.933 [info] > git for-each-ref --sort -committerdate --format %(refname)%00%(objectname)%00%(*objectname) [2ms]
2026-04-19 18:55:15.033 [info] [Git][getRemotes] No remotes found in the git config file
2026-04-19 18:55:15.034 [info] > git config --get commit.template [10ms]
2026-04-19 18:55:15.035 [info] > git for-each-ref --format=%(refname)%00%(upstream:short)%00%(objectname)%00%(upstream:track)%00%(upstream:remotename)%00%(upstream:remoteref) refs/heads/main refs/remotes/main [3ms]
2026-04-19 18:55:15.050 [info] > git status -z -uall [8ms]
2026-04-19 18:55:15.051 [info] > git for-each-ref --sort -committerdate --format %(refname)%00%(objectname)%00%(*objectname) [2ms]
2026-04-19 18:55:20.061 [info] [Git][getRemotes] No remotes found in the git config file
2026-04-19 18:55:20.067 [info] > git config --get commit.template [6ms]
2026-04-19 18:55:20.068 [info] > git for-each-ref --format=%(refname)%00%(upstream:short)%00%(objectname)%00%(upstream:track)%00%(upstream:remotename)%00%(upstream:remoteref) refs/heads/main refs/remotes/main [2ms]
2026-04-19 18:55:20.081 [info] > git status -z -uall [6ms]
2026-04-19 18:55:20.082 [info] > git for-each-ref --sort -committerdate --format %(refname)%00%(objectname)%00%(*objectname) [2ms]
2026-04-19 18:55:27.323 [info] [Git][getRemotes] No remotes found in the git config file
2026-04-19 18:55:27.323 [info] > git config --get commit.template [7ms]
2026-04-19 18:55:27.325 [info] > git for-each-ref --format=%(refname)%00%(upstream:short)%00%(objectname)%00%(upstream:track)%00%(upstream:remotename)%00%(upstream:remoteref) refs/heads/main refs/remotes/main [2ms]
2026-04-19 18:55:27.338 [info] > git status -z -uall [7ms]
2026-04-19 18:55:27.339 [info] > git for-each-ref --sort -committerdate --format %(refname)%00%(objectname)%00%(*objectname) [2ms]
2026-04-19 18:55:43.776 [info] [Git][getRemotes] No remotes found in the git config file
2026-04-19 18:55:43.783 [info] > git config --get commit.template [7ms]
2026-04-19 18:55:43.784 [info] > git for-each-ref --format=%(refname)%00%(upstream:short)%00%(objectname)%00%(upstream:track)%00%(upstream:remotename)%00%(upstream:remoteref) refs/heads/main refs/remotes/main [1ms]
2026-04-19 18:55:43.799 [info] > git status -z -uall [8ms]
2026-04-19 18:55:43.799 [info] > git for-each-ref --sort -committerdate --format %(refname)%00%(objectname)%00%(*objectname) [2ms]
2026-04-19 18:56:42.223 [info] > git blame --root --incremental c1990b14faf3aaabb66a2dee8b2f32ad0818654b -- .env [3ms]
2026-04-19 18:56:42.223 [info] fatal: no such path .env in c1990b14faf3aaabb66a2dee8b2f32ad0818654b
