2026-04-16 23:12:36.102 [info] [CloudCode] POST v1internal:loadCodeAssist traceId: 1c5b0e0f4f405007
2026-04-16 23:12:38.503 [info] [CloudCode] POST v1internal:onboardUser traceId: 8edb4758da7fc0d
2026-04-16 23:12:40.127 [info] [CloudCode] POST v1internal:loadCodeAssist traceId: 8cbdbed437191f2b
2026-04-16 23:12:41.128 [info] [CloudCode] POST v1internal:fetchAvailableModels traceId: f0dba1d95717b788
2026-04-16 23:16:46.787 [info] [CloudCode] POST v1internal:loadCodeAssist traceId: 519860db17a1adf2
2026-04-16 23:16:47.737 [info] [CloudCode] POST v1internal:fetchAvailableModels traceId: 2457ee6e455ab004
2026-04-16 23:21:47.024 [info] [CloudCode] POST v1internal:loadCodeAssist traceId: 1de879cbfe21511d
2026-04-16 23:21:47.948 [info] [CloudCode] POST v1internal:fetchAvailableModels traceId: 3053403766768a09
2026-04-16 23:26:47.085 [info] [CloudCode] POST v1internal:loadCodeAssist traceId: c206ddf76c744dde
2026-04-16 23:26:48.024 [info] [CloudCode] POST v1internal:fetchAvailableModels traceId: ebf309f2bbeae94
2026-04-16 23:31:47.090 [info] [CloudCode] POST v1internal:loadCodeAssist traceId: c8a9ccee348fe39d
2026-04-16 23:31:47.617 [info] [CloudCode] POST v1internal:fetchAvailableModels traceId: 94a11b967e9c4fe6
2026-04-16 23:36:46.987 [info] [CloudCode] POST v1internal:loadCodeAssist traceId: 7540e4bdb283fe40
2026-04-16 23:36:47.916 [info] [CloudCode] POST v1internal:fetchAvailableModels traceId: de22287e34446e
2026-04-16 23:41:47.038 [info] [CloudCode] POST v1internal:loadCodeAssist traceId: 1537625a128edb93
2026-04-16 23:41:47.955 [info] [CloudCode] POST v1internal:fetchAvailableModels traceId: ac06e4acb8062a29
2026-04-16 23:46:47.151 [info] [CloudCode] POST v1internal:loadCodeAssist traceId: 17375a3cdd163218
2026-04-16 23:46:47.938 [info] [CloudCode] POST v1internal:fetchAvailableModels traceId: c601d10aba31304e
2026-04-16 23:51:47.033 [info] [CloudCode] POST v1internal:loadCodeAssist traceId: e84144696b96e779
2026-04-16 23:51:48.048 [info] [CloudCode] POST v1internal:fetchAvailableModels traceId: 8dc1680240bc5277
2026-04-16 23:56:46.930 [info] [CloudCode] POST v1internal:loadCodeAssist traceId: d718037b3e502e21
2026-04-16 23:56:47.945 [info] [CloudCode] POST v1internal:fetchAvailableModels traceId: cd2ce2c129275a42
2026-04-17 00:01:46.445 [info] [CloudCode] POST v1internal:loadCodeAssist traceId: b738569a0928be3
2026-04-17 00:01:47.412 [info] [CloudCode] POST v1internal:fetchAvailableModels traceId: a6b1f88e454ebb21
2026-04-17 00:06:47.231 [info] [CloudCode] POST v1internal:loadCodeAssist traceId: 656d4ea9b09adef7
2026-04-17 00:06:48.122 [info] [CloudCode] POST v1internal:fetchAvailableModels traceId: cf23a5e7d5a1fe4f
2026-04-17 00:11:46.971 [info] [CloudCode] POST v1internal:loadCodeAssist traceId: 3cc07a9b1c18e8c
2026-04-17 00:11:47.935 [info] [CloudCode] POST v1internal:fetchAvailableModels traceId: 25ac410245493083
2026-04-17 00:16:46.960 [info] [CloudCode] POST v1internal:loadCodeAssist traceId: 3ac356437ee4792e
2026-04-17 00:16:47.916 [info] [CloudCode] POST v1internal:fetchAvailableModels traceId: 3e8bb2da21ebd379
2026-04-17 00:21:46.834 [info] [CloudCode] POST v1internal:loadCodeAssist traceId: 8e8bebbeb033cef8
2026-04-17 00:21:47.323 [info] [CloudCode] POST v1internal:fetchAvailableModels traceId: 1f8c6eabf187193d
2026-04-17 00:26:47.463 [info] [CloudCode] POST v1internal:loadCodeAssist traceId: e522d7f11012bf39
2026-04-17 00:26:48.445 [info] [CloudCode] POST v1internal:fetchAvailableModels traceId: 59cb14813eef9a6d
2026-04-17 00:31:48.003 [info] [CloudCode] POST v1internal:loadCodeAssist traceId: de8e2d53f860c3cc
2026-04-17 00:31:50.464 [info] [CloudCode] POST v1internal:fetchAvailableModels traceId: 3c0e98595df5ea72
2026-04-17 00:36:47.537 [info] [CloudCode] POST v1internal:loadCodeAssist traceId: 6f8aec4e766cf034
2026-04-17 00:36:50.323 [info] [CloudCode] POST v1internal:fetchAvailableModels traceId: a02175057c45c20b
2026-04-17 00:41:47.814 [info] [CloudCode] POST v1internal:loadCodeAssist traceId: b7d5ac2abaae8333
2026-04-17 00:41:50.317 [info] [CloudCode] POST v1internal:fetchAvailableModels traceId: 4599933e96ae8739
2026-04-17 00:46:46.968 [info] [CloudCode] POST v1internal:loadCodeAssist traceId: 273e06d49908595a
2026-04-17 00:46:48.761 [info] [CloudCode] POST v1internal:fetchAvailableModels traceId: 9dd44d06a8bb832f
2026-04-17 00:51:47.488 [info] [CloudCode] POST v1internal:loadCodeAssist traceId: 7068077c2bd1733e
2026-04-17 00:51:49.302 [info] [CloudCode] POST v1internal:fetchAvailableModels traceId: 416d0d509b4066c6
2026-04-17 00:56:47.549 [info] [CloudCode] POST v1internal:loadCodeAssist traceId: 50d278d35b1e919
2026-04-17 00:56:49.991 [info] [CloudCode] POST v1internal:fetchAvailableModels traceId: 684b4f80280abba5
2026-04-17 01:01:47.534 [info] [CloudCode] POST v1internal:loadCodeAssist traceId: c060135618878a56
2026-04-17 01:01:49.983 [info] [CloudCode] POST v1internal:fetchAvailableModels traceId: 72b6e3329fdb0d47
2026-04-17 01:06:47.984 [info] [CloudCode] POST v1internal:loadCodeAssist traceId: 52f13ce2d8f623a9
2026-04-17 01:06:49.803 [info] [CloudCode] POST v1internal:fetchAvailableModels traceId: f0f7702eb325ef1d
2026-04-17 01:11:47.189 [info] [CloudCode] POST v1internal:loadCodeAssist traceId: 1ff1500f0b3a7bea
2026-04-17 01:11:49.361 [info] [CloudCode] POST v1internal:fetchAvailableModels traceId: 1db83677bfccb07a
2026-04-17 01:16:47.249 [info] [CloudCode] POST v1internal:loadCodeAssist traceId: 937842f4cf7d8ce0
2026-04-17 01:16:49.080 [info] [CloudCode] POST v1internal:fetchAvailableModels traceId: b7d9237fde31afdd
2026-04-17 01:21:47.864 [info] [CloudCode] POST v1internal:loadCodeAssist traceId: fa02185d7e4dcfd2
2026-04-17 01:21:49.930 [info] [CloudCode] POST v1internal:fetchAvailableModels traceId: 4cb1f42cf9cf57b2
2026-04-17 01:26:47.357 [info] [CloudCode] POST v1internal:loadCodeAssist traceId: 9e43766e81caf06b
2026-04-17 01:26:49.817 [info] [CloudCode] POST v1internal:fetchAvailableModels traceId: b9b795e5249ad25d
2026-04-17 01:31:47.967 [info] [CloudCode] POST v1internal:loadCodeAssist traceId: 961d08cd422da8e2
2026-04-17 01:31:50.207 [info] [CloudCode] POST v1internal:fetchAvailableModels traceId: 5e44fcac765e236f
2026-04-17 01:36:47.286 [info] [CloudCode] POST v1internal:loadCodeAssist traceId: c0ed3ab550a52cdc
2026-04-17 01:36:49.129 [info] [CloudCode] POST v1internal:fetchAvailableModels traceId: 897c395518054b0d
2026-04-17 01:41:47.029 [info] [CloudCode] POST v1internal:loadCodeAssist traceId: 353c1e4a5d98babd
2026-04-17 01:41:49.071 [info] [CloudCode] POST v1internal:fetchAvailableModels traceId: 9bba8eba1603b683
2026-04-17 01:46:44.950 [error] Failed to make POST request: request to https://daily-cloudcode-pa.googleapis.com/v1internal:loadCodeAssist failed, reason: getaddrinfo EAI_AGAIN daily-cloudcode-pa.googleapis.com
2026-04-17 01:47:42.146 [error] Failed to fetch NUXes: request to https://daily-cloudcode-pa.googleapis.com/v1internal/cascadeNuxes failed, reason: getaddrinfo EAI_AGAIN daily-cloudcode-pa.googleapis.com
2026-04-17 01:51:44.886 [error] Failed to make POST request: request to https://daily-cloudcode-pa.googleapis.com/v1internal:loadCodeAssist failed, reason: getaddrinfo EAI_AGAIN daily-cloudcode-pa.googleapis.com
2026-04-17 01:52:42.147 [error] Failed to fetch NUXes: request to https://daily-cloudcode-pa.googleapis.com/v1internal/cascadeNuxes failed, reason: getaddrinfo EAI_AGAIN daily-cloudcode-pa.googleapis.com
2026-04-17 19:39:25.469 [info] [CloudCode] POST v1internal:loadCodeAssist traceId: 6d30577fa3573c75
2026-04-17 19:39:26.925 [info] [CloudCode] POST v1internal:fetchAvailableModels traceId: 38b77aa9b2418952
2026-04-17 19:44:26.198 [info] [CloudCode] POST v1internal:loadCodeAssist traceId: bf71ae966fec603e
2026-04-17 19:44:28.861 [info] [CloudCode] POST v1internal:fetchAvailableModels traceId: ffad51fa5f9b85e1
2026-04-17 19:49:26.183 [info] [CloudCode] POST v1internal:loadCodeAssist traceId: fef237f460c20dd2
2026-04-17 19:49:29.021 [info] [CloudCode] POST v1internal:fetchAvailableModels traceId: 8c1bdc0066f5f0a2
2026-04-17 19:54:25.769 [info] [CloudCode] POST v1internal:loadCodeAssist traceId: 883f2823a7db596e
2026-04-17 19:54:27.891 [info] [CloudCode] POST v1internal:fetchAvailableModels traceId: ccd9533e4957b73d
2026-04-17 19:59:25.661 [info] [CloudCode] POST v1internal:loadCodeAssist traceId: 77e3bc8790e029e3
2026-04-17 19:59:27.906 [info] [CloudCode] POST v1internal:fetchAvailableModels traceId: 11204201465d718a
2026-04-17 20:04:26.719 [info] [CloudCode] POST v1internal:loadCodeAssist traceId: 79d2fef2373f9e02
2026-04-17 20:04:28.877 [info] [CloudCode] POST v1internal:fetchAvailableModels traceId: e1fe5557221ebf4d
2026-04-17 20:09:24.815 [info] [CloudCode] POST v1internal:loadCodeAssist traceId: 635ea38ed4af5550
2026-04-17 20:09:27.459 [info] [CloudCode] POST v1internal:fetchAvailableModels traceId: 530935554cb88ced
2026-04-17 20:14:25.559 [info] [CloudCode] POST v1internal:loadCodeAssist traceId: 835ca6254abea33c
2026-04-17 20:14:28.308 [info] [CloudCode] POST v1internal:fetchAvailableModels traceId: c5206514952ff5a6
2026-04-17 20:19:26.317 [info] [CloudCode] POST v1internal:loadCodeAssist traceId: 37decb14e223a3c7
2026-04-17 20:19:29.058 [info] [CloudCode] POST v1internal:fetchAvailableModels traceId: c1cd32de1aee811c
2026-04-17 20:24:26.123 [info] [CloudCode] POST v1internal:loadCodeAssist traceId: a0c80b89c934e1b
2026-04-17 20:24:28.300 [info] [CloudCode] POST v1internal:fetchAvailableModels traceId: 449a72710436bf84
2026-04-17 20:29:25.560 [info] [CloudCode] POST v1internal:loadCodeAssist traceId: ad2db7278de86dac
2026-04-17 20:29:26.921 [info] [CloudCode] POST v1internal:fetchAvailableModels traceId: e32a9ab61606a0a7
2026-04-17 20:34:28.203 [info] [CloudCode] POST v1internal:loadCodeAssist traceId: f256081c61cef1e7
2026-04-17 20:34:31.432 [info] [CloudCode] POST v1internal:fetchAvailableModels traceId: 509537be63a4b4df
2026-04-17 20:39:25.452 [info] [CloudCode] POST v1internal:loadCodeAssist traceId: 58c04198dad626fd
2026-04-17 20:39:28.185 [info] [CloudCode] POST v1internal:fetchAvailableModels traceId: 9dd31a884b8a1f01
2026-04-17 20:44:26.085 [info] [CloudCode] POST v1internal:loadCodeAssist traceId: f4015ac79e8f585d
2026-04-17 20:44:28.832 [info] [CloudCode] POST v1internal:fetchAvailableModels traceId: a7b2f52db704aad1
2026-04-17 20:49:24.267 [info] [CloudCode] POST v1internal:loadCodeAssist traceId: 235c253f085f6fd5
2026-04-17 20:49:25.187 [info] [CloudCode] POST v1internal:fetchAvailableModels traceId: a43ec7e56e7d93c3
2026-04-17 20:54:25.769 [info] [CloudCode] POST v1internal:loadCodeAssist traceId: df4dad66fb7a722c
2026-04-17 20:54:28.565 [info] [CloudCode] POST v1internal:fetchAvailableModels traceId: 7910468e2932feb9
2026-04-17 20:59:25.397 [info] [CloudCode] POST v1internal:loadCodeAssist traceId: c9e42a4c0f952357
2026-04-17 20:59:28.160 [info] [CloudCode] POST v1internal:fetchAvailableModels traceId: c37b1b7a68db7e08
2026-04-17 21:04:26.094 [info] [CloudCode] POST v1internal:loadCodeAssist traceId: 574e509a80a29f02
2026-04-17 21:04:28.022 [info] [CloudCode] POST v1internal:fetchAvailableModels traceId: bc525940209276f7
2026-04-17 21:09:30.791 [info] [CloudCode] POST v1internal:loadCodeAssist traceId: 9570530a98a23009
2026-04-17 21:09:31.939 [info] [CloudCode] POST v1internal:fetchAvailableModels traceId: 7b989035b9562f6a
2026-04-17 21:14:26.386 [info] [CloudCode] POST v1internal:loadCodeAssist traceId: ec863f42c0a31212
2026-04-17 21:14:29.151 [info] [CloudCode] POST v1internal:fetchAvailableModels traceId: 517759ad768cae7e
2026-04-17 21:19:26.040 [info] [CloudCode] POST v1internal:loadCodeAssist traceId: 9b26065e811d950a
2026-04-17 21:19:28.810 [info] [CloudCode] POST v1internal:fetchAvailableModels traceId: 3a9e8f32e26e158
2026-04-17 21:24:26.173 [info] [CloudCode] POST v1internal:loadCodeAssist traceId: d71f4243dfc5ca31
2026-04-17 21:24:28.957 [info] [CloudCode] POST v1internal:fetchAvailableModels traceId: f26750c9b4d3ec26
2026-04-17 21:29:24.934 [info] [CloudCode] POST v1internal:loadCodeAssist traceId: d22c867f82cd12f7
2026-04-17 21:29:26.017 [info] [CloudCode] POST v1internal:fetchAvailableModels traceId: c7b697129803bcc8
2026-04-17 21:34:26.279 [info] [CloudCode] POST v1internal:loadCodeAssist traceId: dabfeff865b5ae5a
2026-04-17 21:34:28.998 [info] [CloudCode] POST v1internal:fetchAvailableModels traceId: 8a4aabe2197db960
2026-04-17 21:39:23.623 [info] [CloudCode] POST v1internal:loadCodeAssist traceId: c96757ebbef6de1e
2026-04-17 21:39:24.955 [info] [CloudCode] POST v1internal:fetchAvailableModels traceId: dfdc0303c1e0161d
2026-04-17 21:44:26.707 [info] [CloudCode] POST v1internal:loadCodeAssist traceId: 18accdf9f24d795c
2026-04-17 21:44:29.643 [info] [CloudCode] POST v1internal:fetchAvailableModels traceId: 40648b2f77344c4e
2026-04-17 21:49:24.821 [info] [CloudCode] POST v1internal:loadCodeAssist traceId: 540acea51cedb656
2026-04-17 21:49:28.968 [info] [CloudCode] POST v1internal:fetchAvailableModels traceId: 22e25aa5a325c57d
2026-04-17 21:54:25.551 [info] [CloudCode] POST v1internal:loadCodeAssist traceId: 7273368c99d0f696
2026-04-17 21:54:27.634 [info] [CloudCode] POST v1internal:fetchAvailableModels traceId: 33917c85b71e8623
2026-04-17 21:59:26.453 [info] [CloudCode] POST v1internal:loadCodeAssist traceId: 2e11c84c56ec296d
2026-04-17 21:59:29.274 [info] [CloudCode] POST v1internal:fetchAvailableModels traceId: fb7770e10d52924c
2026-04-17 22:04:24.598 [info] [CloudCode] POST v1internal:loadCodeAssist traceId: b61ffd47f3f229c8
2026-04-17 22:04:25.490 [info] [CloudCode] POST v1internal:fetchAvailableModels traceId: 5c88ef5a0da9b467
2026-04-17 22:09:26.205 [info] [CloudCode] POST v1internal:loadCodeAssist traceId: aad1a0a623a6f71b
2026-04-17 22:09:28.916 [info] [CloudCode] POST v1internal:fetchAvailableModels traceId: 828fb7e8b40adcad
2026-04-17 22:14:23.749 [info] [CloudCode] POST v1internal:loadCodeAssist traceId: ad04104917185f97
2026-04-17 22:14:24.178 [info] [CloudCode] POST v1internal:fetchAvailableModels traceId: 38e2bfd48bf77078
2026-04-17 22:19:24.368 [info] [CloudCode] POST v1internal:loadCodeAssist traceId: cdff70dc70d03841
2026-04-17 22:19:25.282 [info] [CloudCode] POST v1internal:fetchAvailableModels traceId: 51d805d575c1d6f1
2026-04-17 22:24:24.508 [info] [CloudCode] POST v1internal:loadCodeAssist traceId: 9f989db4a1d5f5ab
2026-04-17 22:24:24.954 [info] [CloudCode] POST v1internal:fetchAvailableModels traceId: 244abb70df9d61e2
2026-04-17 22:29:26.092 [info] [CloudCode] POST v1internal:loadCodeAssist traceId: b54b6dce37461b7f
2026-04-17 22:29:28.793 [info] [CloudCode] POST v1internal:fetchAvailableModels traceId: 613c6fb3cee60409
2026-04-17 22:34:24.681 [info] [CloudCode] POST v1internal:loadCodeAssist traceId: 4fd9dec38f60ea81
2026-04-17 22:34:25.361 [info] [CloudCode] POST v1internal:fetchAvailableModels traceId: d3e50ba5c3141e34
2026-04-17 22:39:25.776 [info] [CloudCode] POST v1internal:loadCodeAssist traceId: 7ae8da66d6a13a0
2026-04-17 22:39:28.456 [info] [CloudCode] POST v1internal:fetchAvailableModels traceId: df377707e1e10a37
2026-04-17 22:44:24.018 [info] [CloudCode] POST v1internal:loadCodeAssist traceId: 8c09f0bfa362d5b5
2026-04-17 22:44:24.909 [info] [CloudCode] POST v1internal:fetchAvailableModels traceId: f02f3b0ce4300b6a
2026-04-17 22:49:24.534 [info] [CloudCode] POST v1internal:loadCodeAssist traceId: 9b2183138a963e97
2026-04-17 22:49:25.361 [info] [CloudCode] POST v1internal:fetchAvailableModels traceId: bf6e523a2c006a42
2026-04-17 22:54:24.244 [info] [CloudCode] POST v1internal:loadCodeAssist traceId: 2f351911ba0ec092
2026-04-17 22:54:25.048 [info] [CloudCode] POST v1internal:fetchAvailableModels traceId: 3533eda7a3f958a1
2026-04-17 22:59:24.264 [info] [CloudCode] POST v1internal:loadCodeAssist traceId: 56e59bdf4e0532f3
2026-04-17 22:59:25.160 [info] [CloudCode] POST v1internal:fetchAvailableModels traceId: eee0d5e1e11703b7
2026-04-17 23:04:23.819 [info] [CloudCode] POST v1internal:loadCodeAssist traceId: b44151106919cd4f
2026-04-17 23:04:24.626 [info] [CloudCode] POST v1internal:fetchAvailableModels traceId: 17fc307ff9a2231f
2026-04-17 23:09:24.742 [info] [CloudCode] POST v1internal:loadCodeAssist traceId: 88c3216fea1248ca
2026-04-17 23:09:25.828 [info] [CloudCode] POST v1internal:fetchAvailableModels traceId: b37b6c2e6f3ccae6
2026-04-17 23:14:24.062 [info] [CloudCode] POST v1internal:loadCodeAssist traceId: a85077410b52a06d
2026-04-17 23:14:24.469 [info] [CloudCode] POST v1internal:fetchAvailableModels traceId: 8f8098da6ff4a07
2026-04-17 23:19:24.306 [info] [CloudCode] POST v1internal:loadCodeAssist traceId: 6828688650d01855
2026-04-17 23:19:25.152 [info] [CloudCode] POST v1internal:fetchAvailableModels traceId: 39a66a56df0ac313
2026-04-17 23:24:24.322 [info] [CloudCode] POST v1internal:loadCodeAssist traceId: ec6a0e93c157e120
2026-04-17 23:24:25.050 [info] [CloudCode] POST v1internal:fetchAvailableModels traceId: 78425548fe1f82
2026-04-17 23:29:25.747 [info] [CloudCode] POST v1internal:loadCodeAssist traceId: 97a40cbcfcef5132
2026-04-17 23:29:26.521 [info] [CloudCode] POST v1internal:fetchAvailableModels traceId: 2f83058054b5f94b
2026-04-17 23:34:25.724 [info] [CloudCode] POST v1internal:loadCodeAssist traceId: a3df3254f24c8218
2026-04-17 23:34:28.282 [info] [CloudCode] POST v1internal:fetchAvailableModels traceId: b183d5a637902f2c
2026-04-17 23:39:24.797 [info] [CloudCode] POST v1internal:loadCodeAssist traceId: 3c1455847e78a95f
2026-04-17 23:39:27.375 [info] [CloudCode] POST v1internal:fetchAvailableModels traceId: 6abe3432632295dc
2026-04-17 23:44:25.932 [info] [CloudCode] POST v1internal:loadCodeAssist traceId: cd3041b03a3a7241
2026-04-17 23:44:27.710 [info] [CloudCode] POST v1internal:fetchAvailableModels traceId: e32066a69d132431
2026-04-17 23:49:25.629 [info] [CloudCode] POST v1internal:loadCodeAssist traceId: a6abb172a61df84b
2026-04-17 23:49:27.479 [info] [CloudCode] POST v1internal:fetchAvailableModels traceId: 62531673ab53b26b
2026-04-17 23:54:25.387 [info] [CloudCode] POST v1internal:loadCodeAssist traceId: 6cbabb160c59c0fc
2026-04-17 23:54:27.852 [info] [CloudCode] POST v1internal:fetchAvailableModels traceId: f03e7159ed5b180b
2026-04-17 23:59:25.816 [info] [CloudCode] POST v1internal:loadCodeAssist traceId: 31a1391c6e12a964
2026-04-17 23:59:27.679 [info] [CloudCode] POST v1internal:fetchAvailableModels traceId: 91134859b5e9f1ff
2026-04-18 00:04:24.718 [info] [CloudCode] POST v1internal:loadCodeAssist traceId: aaffb1dc5c22e912
2026-04-18 00:04:27.005 [info] [CloudCode] POST v1internal:fetchAvailableModels traceId: 470d34c9eea9b328
2026-04-18 00:09:25.392 [info] [CloudCode] POST v1internal:loadCodeAssist traceId: 2e8ba6d7f0f1581f
2026-04-18 00:09:27.445 [info] [CloudCode] POST v1internal:fetchAvailableModels traceId: dfe33cb90f2c1e57
2026-04-18 00:14:24.917 [info] [CloudCode] POST v1internal:loadCodeAssist traceId: 7a2ed6ba5ee731e0
2026-04-18 00:14:26.946 [info] [CloudCode] POST v1internal:fetchAvailableModels traceId: 50a8b486c8c9aeb
2026-04-18 00:19:24.999 [info] [CloudCode] POST v1internal:loadCodeAssist traceId: f684f6590f39afa
2026-04-18 00:19:27.506 [info] [CloudCode] POST v1internal:fetchAvailableModels traceId: a3c296e02f1f8524
2026-04-18 00:24:24.764 [info] [CloudCode] POST v1internal:loadCodeAssist traceId: 2dd6d8d511ea93b3
2026-04-18 00:24:27.231 [info] [CloudCode] POST v1internal:fetchAvailableModels traceId: 77961caab998ec0e
2026-04-18 00:29:25.595 [info] [CloudCode] POST v1internal:loadCodeAssist traceId: efd6594415ae4331
2026-04-18 00:29:27.375 [info] [CloudCode] POST v1internal:fetchAvailableModels traceId: 34e7a65b1252ac60
2026-04-18 00:34:25.641 [info] [CloudCode] POST v1internal:loadCodeAssist traceId: 2fea478695c730a3
2026-04-18 00:34:28.093 [info] [CloudCode] POST v1internal:fetchAvailableModels traceId: 8f98ee0632ed5460
2026-04-18 00:39:24.743 [info] [CloudCode] POST v1internal:loadCodeAssist traceId: d6e95233c537ddba
2026-04-18 00:39:27.223 [info] [CloudCode] POST v1internal:fetchAvailableModels traceId: a614e9553155e4f9
2026-04-18 00:44:25.720 [info] [CloudCode] POST v1internal:loadCodeAssist traceId: 51d502903b083046
2026-04-18 00:44:28.224 [info] [CloudCode] POST v1internal:fetchAvailableModels traceId: c3835a9faa9da062
2026-04-18 00:49:25.258 [info] [CloudCode] POST v1internal:loadCodeAssist traceId: 776499f82cf00545
2026-04-18 00:49:27.075 [info] [CloudCode] POST v1internal:fetchAvailableModels traceId: 2324d801c91c3f28
2026-04-18 00:54:26.265 [info] [CloudCode] POST v1internal:loadCodeAssist traceId: 3d9b32b08ad0d59f
2026-04-18 00:54:28.136 [info] [CloudCode] POST v1internal:fetchAvailableModels traceId: 2915771630594f2d
2026-04-18 00:59:25.384 [info] [CloudCode] POST v1internal:loadCodeAssist traceId: 3399d5c60ae18689
2026-04-18 00:59:27.607 [info] [CloudCode] POST v1internal:fetchAvailableModels traceId: 17c85775a22fb713
2026-04-18 01:04:24.783 [info] [CloudCode] POST v1internal:loadCodeAssist traceId: b07a793365e0d7bc
2026-04-18 01:04:27.309 [info] [CloudCode] POST v1internal:fetchAvailableModels traceId: bcfb6b9cc8607f66
2026-04-18 01:09:24.813 [info] [CloudCode] POST v1internal:loadCodeAssist traceId: 886383bc80ecdae5
2026-04-18 01:09:27.292 [info] [CloudCode] POST v1internal:fetchAvailableModels traceId: 15698091af3125d5
2026-04-18 01:14:25.655 [info] [CloudCode] POST v1internal:loadCodeAssist traceId: c3bd67287cc9b4a5
2026-04-18 01:14:28.174 [info] [CloudCode] POST v1internal:fetchAvailableModels traceId: f79df99c897f9ac5
2026-04-18 01:19:25.211 [info] [CloudCode] POST v1internal:loadCodeAssist traceId: d9718ae846f80dad
2026-04-18 01:19:27.054 [info] [CloudCode] POST v1internal:fetchAvailableModels traceId: 40c90c801652da8f
2026-04-18 01:24:25.304 [info] [CloudCode] POST v1internal:loadCodeAssist traceId: 6317ba378d0e4a59
2026-04-18 01:24:27.568 [info] [CloudCode] POST v1internal:fetchAvailableModels traceId: 2d1b6595792f7560
2026-04-18 01:29:25.279 [info] [CloudCode] POST v1internal:loadCodeAssist traceId: ec7eec71e022e627
2026-04-18 01:29:27.743 [info] [CloudCode] POST v1internal:fetchAvailableModels traceId: 114f6711fd5897db
2026-04-18 01:34:25.718 [info] [CloudCode] POST v1internal:loadCodeAssist traceId: 1f06babf3b228b45
2026-04-18 01:34:27.963 [info] [CloudCode] POST v1internal:fetchAvailableModels traceId: af5d0397066f7ece
2026-04-18 01:39:26.047 [info] [CloudCode] POST v1internal:loadCodeAssist traceId: 296bbf68dcc2ea74
2026-04-18 01:39:27.823 [info] [CloudCode] POST v1internal:fetchAvailableModels traceId: 6fae939b843c4720
2026-04-18 01:44:25.132 [info] [CloudCode] POST v1internal:loadCodeAssist traceId: 51afe781f5f4e048
2026-04-18 01:44:27.358 [info] [CloudCode] POST v1internal:fetchAvailableModels traceId: 6db6d772ee064fb8
2026-04-18 01:49:25.638 [info] [CloudCode] POST v1internal:loadCodeAssist traceId: f7286398a0e46ef7
2026-04-18 01:49:27.756 [info] [CloudCode] POST v1internal:fetchAvailableModels traceId: 56375736df0f3609
2026-04-18 01:54:25.326 [info] [CloudCode] POST v1internal:loadCodeAssist traceId: 530330eb4322d945
2026-04-18 01:54:27.808 [info] [CloudCode] POST v1internal:fetchAvailableModels traceId: 8f2a1efa4d07d060
2026-04-18 01:59:25.437 [info] [CloudCode] POST v1internal:loadCodeAssist traceId: 3cb64ae5112f21d
2026-04-18 01:59:27.615 [info] [CloudCode] POST v1internal:fetchAvailableModels traceId: 9810d7c49744b83b
2026-04-18 02:04:24.855 [info] [CloudCode] POST v1internal:loadCodeAssist traceId: 90470699d4ca6607
2026-04-18 02:04:27.077 [info] [CloudCode] POST v1internal:fetchAvailableModels traceId: 5034486266a6bc11
2026-04-18 02:09:25.299 [info] [CloudCode] POST v1internal:loadCodeAssist traceId: 403f58efd9971b9d
2026-04-18 02:09:27.415 [info] [CloudCode] POST v1internal:fetchAvailableModels traceId: 49585552682e455
2026-04-18 02:14:25.290 [info] [CloudCode] POST v1internal:loadCodeAssist traceId: 8925e9d6f5909f18
2026-04-18 02:14:27.733 [info] [CloudCode] POST v1internal:fetchAvailableModels traceId: dcd02a39ddb1760e
2026-04-18 02:19:25.398 [info] [CloudCode] POST v1internal:loadCodeAssist traceId: 7c74bdf1c8700f74
2026-04-18 02:19:27.882 [info] [CloudCode] POST v1internal:fetchAvailableModels traceId: 89272d2ee98f7c1
2026-04-18 11:22:07.074 [info] [CloudCode] POST v1internal:loadCodeAssist traceId: 3b73ac2c0f4ab23e
2026-04-18 11:22:09.975 [info] [CloudCode] POST v1internal:fetchAvailableModels traceId: a9e0fd8b940c8039
2026-04-18 11:27:05.610 [info] [CloudCode] POST v1internal:loadCodeAssist traceId: 8ec449cc12e8f4bc
2026-04-18 11:27:08.819 [info] [CloudCode] POST v1internal:fetchAvailableModels traceId: 440f4e541b9430dc
2026-04-18 11:32:04.487 [info] [CloudCode] POST v1internal:loadCodeAssist traceId: 2a991e46fe0c0803
2026-04-18 11:32:05.561 [info] [CloudCode] POST v1internal:fetchAvailableModels traceId: 498e5145d739d598
2026-04-18 11:37:04.840 [info] [CloudCode] POST v1internal:loadCodeAssist traceId: b47373abca4d76cc
2026-04-18 11:37:05.868 [info] [CloudCode] POST v1internal:fetchAvailableModels traceId: b7a2dcd6f57712e7
2026-04-18 11:42:06.667 [info] [CloudCode] POST v1internal:loadCodeAssist traceId: 59b1f475e30ee73a
2026-04-18 11:42:09.522 [info] [CloudCode] POST v1internal:fetchAvailableModels traceId: 31d88c43a0841035
2026-04-18 11:47:04.015 [info] [CloudCode] POST v1internal:loadCodeAssist traceId: d8b1c75feba910c0
2026-04-18 11:47:04.435 [info] [CloudCode] POST v1internal:fetchAvailableModels traceId: 786c089afe2419b3
2026-04-18 11:52:04.462 [info] [CloudCode] POST v1internal:loadCodeAssist traceId: 81df963c52e6948a
2026-04-18 11:52:05.317 [info] [CloudCode] POST v1internal:fetchAvailableModels traceId: 30229de5406ffd
2026-04-18 11:57:06.464 [info] [CloudCode] POST v1internal:loadCodeAssist traceId: d2f13721d86d233d
2026-04-18 11:57:09.217 [info] [CloudCode] POST v1internal:fetchAvailableModels traceId: 4c29e55a84fc75f7
2026-04-18 12:02:04.625 [info] [CloudCode] POST v1internal:loadCodeAssist traceId: 47f145c81f4f1471
2026-04-18 12:02:05.627 [info] [CloudCode] POST v1internal:fetchAvailableModels traceId: 143e2eef9e4f8a7
2026-04-18 12:07:06.679 [info] [CloudCode] POST v1internal:loadCodeAssist traceId: 7ca677bdb5e938a5
2026-04-18 12:07:09.491 [info] [CloudCode] POST v1internal:fetchAvailableModels traceId: 3d07d933144d460
2026-04-18 12:12:06.568 [info] [CloudCode] POST v1internal:loadCodeAssist traceId: fbadbef9aa8517ae
2026-04-18 12:12:09.421 [info] [CloudCode] POST v1internal:fetchAvailableModels traceId: b557d628c96e3ee0
2026-04-18 12:17:05.701 [info] [CloudCode] POST v1internal:loadCodeAssist traceId: 9d5488be8257ed39
2026-04-18 12:17:08.456 [info] [CloudCode] POST v1internal:fetchAvailableModels traceId: 4877424d71118150
2026-04-18 12:22:06.691 [info] [CloudCode] POST v1internal:loadCodeAssist traceId: a3275e14397611dd
2026-04-18 12:22:08.760 [info] [CloudCode] POST v1internal:fetchAvailableModels traceId: 449d89a1e3ec2218
2026-04-18 12:27:06.437 [info] [CloudCode] POST v1internal:loadCodeAssist traceId: 96911a5f7d24aab3
2026-04-18 12:27:09.231 [info] [CloudCode] POST v1internal:fetchAvailableModels traceId: 2a4057e496481a28
2026-04-18 12:32:05.458 [info] [CloudCode] POST v1internal:loadCodeAssist traceId: ce0be6b78b8eeca2
2026-04-18 12:32:06.337 [info] [CloudCode] POST v1internal:fetchAvailableModels traceId: 3025b3d97e23bb7a
2026-04-18 12:37:06.655 [info] [CloudCode] POST v1internal:loadCodeAssist traceId: f7ed5e8342b80376
2026-04-18 12:37:09.974 [info] [CloudCode] POST v1internal:fetchAvailableModels traceId: 77ef9b59b2433050
2026-04-18 12:42:06.717 [info] [CloudCode] POST v1internal:loadCodeAssist traceId: 33bd7875035fbef3
2026-04-18 12:42:08.941 [info] [CloudCode] POST v1internal:fetchAvailableModels traceId: 659eaa743aed010c
2026-04-18 12:47:07.006 [info] [CloudCode] POST v1internal:loadCodeAssist traceId: 9c86c7be3d97ac11
2026-04-18 12:47:09.086 [info] [CloudCode] POST v1internal:fetchAvailableModels traceId: 16c5922b010175d4
2026-04-18 12:52:06.491 [info] [CloudCode] POST v1internal:loadCodeAssist traceId: 3ef5ba2b25fcda62
2026-04-18 12:52:09.045 [info] [CloudCode] POST v1internal:fetchAvailableModels traceId: b3050452dd75290a
2026-04-18 13:20:42.741 [info] [CloudCode] POST v1internal:loadCodeAssist traceId: 72cafe59b349810f
2026-04-18 13:20:45.694 [info] [CloudCode] POST v1internal:fetchAvailableModels traceId: f891c90c46a75b9c
2026-04-18 13:25:42.214 [info] [CloudCode] POST v1internal:loadCodeAssist traceId: e94d4bd88ffce491
2026-04-18 13:25:45.255 [info] [CloudCode] POST v1internal:fetchAvailableModels traceId: 7c7ee5277ad4af8e
2026-04-18 13:30:41.546 [info] [CloudCode] POST v1internal:loadCodeAssist traceId: c00805e8e1dbca06
2026-04-18 13:30:44.410 [info] [CloudCode] POST v1internal:fetchAvailableModels traceId: c7752e2573e03c3f
2026-04-18 13:35:41.476 [info] [CloudCode] POST v1internal:loadCodeAssist traceId: 35a63e939ad9fa2e
2026-04-18 13:35:43.512 [info] [CloudCode] POST v1internal:fetchAvailableModels traceId: 787ae5b7106fc580
2026-04-18 13:40:42.655 [info] [CloudCode] POST v1internal:loadCodeAssist traceId: 6e7143a2e8d9d958
2026-04-18 13:40:44.758 [info] [CloudCode] POST v1internal:fetchAvailableModels traceId: 582b24233cc18762
2026-04-18 13:45:42.626 [info] [CloudCode] POST v1internal:loadCodeAssist traceId: 49bf47814341be74
2026-04-18 13:45:45.048 [info] [CloudCode] POST v1internal:fetchAvailableModels traceId: 4354390cfd334cfb
2026-04-18 18:37:30.417 [info] [CloudCode] POST v1internal:loadCodeAssist traceId: b311f3156937f2aa
2026-04-18 18:37:33.397 [info] [CloudCode] POST v1internal:fetchAvailableModels traceId: 5e50c56b7d2f1f7c
2026-04-18 18:42:29.619 [info] [CloudCode] POST v1internal:loadCodeAssist traceId: f95545e4f8f21df8
2026-04-18 18:42:31.641 [info] [CloudCode] POST v1internal:fetchAvailableModels traceId: 6a609353c6535e05
2026-04-18 18:47:29.120 [info] [CloudCode] POST v1internal:loadCodeAssist traceId: 553900cf6ff5b601
2026-04-18 18:47:31.632 [info] [CloudCode] POST v1internal:fetchAvailableModels traceId: 4c53c95c8fccd53d
2026-04-18 18:52:29.289 [info] [CloudCode] POST v1internal:loadCodeAssist traceId: 6631a562ac59a9a2
2026-04-18 18:52:32.866 [info] [CloudCode] POST v1internal:fetchAvailableModels traceId: bd32237d0288282
2026-04-18 18:57:28.698 [info] [CloudCode] POST v1internal:loadCodeAssist traceId: bee29721a861f64d
2026-04-18 18:57:30.687 [info] [CloudCode] POST v1internal:fetchAvailableModels traceId: 4057529c5786286b
2026-04-18 19:02:29.401 [info] [CloudCode] POST v1internal:loadCodeAssist traceId: f7ada56c96c248ee
2026-04-18 19:02:32.108 [info] [CloudCode] POST v1internal:fetchAvailableModels traceId: b59775b03c323cc3
2026-04-18 19:07:28.609 [info] [CloudCode] POST v1internal:loadCodeAssist traceId: 6ef82d0a6da038e4
2026-04-18 19:07:30.721 [info] [CloudCode] POST v1internal:fetchAvailableModels traceId: 457dfa782dd4403f
2026-04-18 19:12:29.573 [info] [CloudCode] POST v1internal:loadCodeAssist traceId: 7530b50f1506ba8a
2026-04-18 19:12:32.662 [info] [CloudCode] POST v1internal:fetchAvailableModels traceId: 1b26322853a1b290
2026-04-18 19:17:29.351 [info] [CloudCode] POST v1internal:loadCodeAssist traceId: 2774adbe843a8729
2026-04-18 19:17:32.279 [info] [CloudCode] POST v1internal:fetchAvailableModels traceId: d464c6f5e719bdda
2026-04-18 19:22:29.143 [info] [CloudCode] POST v1internal:loadCodeAssist traceId: ad71f74e41832729
2026-04-18 19:22:31.888 [info] [CloudCode] POST v1internal:fetchAvailableModels traceId: e3ef2f7742bfd3cd
2026-04-18 19:43:53.502 [info] [CloudCode] POST v1internal:loadCodeAssist traceId: f17c44e4644891c2
2026-04-18 19:43:56.312 [info] [CloudCode] POST v1internal:fetchAvailableModels traceId: 4dcb4968485be7d6
2026-04-18 19:48:53.550 [info] [CloudCode] POST v1internal:loadCodeAssist traceId: 321f0d457327c424
2026-04-18 19:48:56.424 [info] [CloudCode] POST v1internal:fetchAvailableModels traceId: 66f33c5bbe128a5d
2026-04-18 19:53:53.567 [info] [CloudCode] POST v1internal:loadCodeAssist traceId: 9bc59f0eb9f7a315
2026-04-18 19:53:56.012 [info] [CloudCode] POST v1internal:fetchAvailableModels traceId: 440437cde1f41cdd
2026-04-18 19:58:52.495 [info] [CloudCode] POST v1internal:loadCodeAssist traceId: a3ee6fde53dbde3f
2026-04-18 19:58:55.236 [info] [CloudCode] POST v1internal:fetchAvailableModels traceId: c157b8fa906f116a
2026-04-18 20:03:53.012 [info] [CloudCode] POST v1internal:loadCodeAssist traceId: 7953d6c0d2ae9f0d
2026-04-18 20:03:55.966 [info] [CloudCode] POST v1internal:fetchAvailableModels traceId: 48f9928c5d8e66e6
2026-04-18 20:08:53.101 [info] [CloudCode] POST v1internal:loadCodeAssist traceId: 8f4760420bda1475
2026-04-18 20:08:55.148 [info] [CloudCode] POST v1internal:fetchAvailableModels traceId: d2fb45087ff6f2e8
2026-04-18 20:13:57.673 [info] [CloudCode] POST v1internal:loadCodeAssist traceId: 3a6d0dee48cfe325
2026-04-18 20:14:00.602 [info] [CloudCode] POST v1internal:fetchAvailableModels traceId: 3f5d25e566e751a
2026-04-18 20:18:58.560 [info] [CloudCode] POST v1internal:loadCodeAssist traceId: 6a8e907982b6ccde
2026-04-18 20:19:01.523 [info] [CloudCode] POST v1internal:fetchAvailableModels traceId: 2f8794bc3da2b5dc
2026-04-18 20:23:58.572 [info] [CloudCode] POST v1internal:loadCodeAssist traceId: d434cd35458801f4
2026-04-18 20:24:00.694 [info] [CloudCode] POST v1internal:fetchAvailableModels traceId: ae5977d509fe0621
2026-04-18 20:28:58.541 [info] [CloudCode] POST v1internal:loadCodeAssist traceId: 8eca86fa0b6e2603
2026-04-18 20:29:01.829 [info] [CloudCode] POST v1internal:fetchAvailableModels traceId: bb5183ba0e76be0e
2026-04-18 20:33:57.737 [info] [CloudCode] POST v1internal:loadCodeAssist traceId: 393b3ed59627a210
2026-04-18 20:34:00.158 [info] [CloudCode] POST v1internal:fetchAvailableModels traceId: a47c10d68b71724b
2026-04-18 20:38:57.546 [info] [CloudCode] POST v1internal:loadCodeAssist traceId: ceb7fc682b062452
2026-04-18 20:39:00.440 [info] [CloudCode] POST v1internal:fetchAvailableModels traceId: 99ba3a49790d5156
2026-04-18 20:43:58.536 [info] [CloudCode] POST v1internal:loadCodeAssist traceId: ec532b76f4df4eda
2026-04-18 20:44:01.437 [info] [CloudCode] POST v1internal:fetchAvailableModels traceId: bf98d5fc04f10120
2026-04-18 20:48:57.525 [info] [CloudCode] POST v1internal:loadCodeAssist traceId: db2c7cfea8ceb9d7
2026-04-18 20:48:59.591 [info] [CloudCode] POST v1internal:fetchAvailableModels traceId: 1452514267b74afa
2026-04-18 20:53:58.213 [info] [CloudCode] POST v1internal:loadCodeAssist traceId: e5396509a008e050
2026-04-18 20:54:00.973 [info] [CloudCode] POST v1internal:fetchAvailableModels traceId: 9f56909c95782061
2026-04-18 20:58:58.575 [info] [CloudCode] POST v1internal:loadCodeAssist traceId: 8ec8ea0b953882c
2026-04-18 20:59:00.874 [info] [CloudCode] POST v1internal:fetchAvailableModels traceId: fc1a09d7ace14296
2026-04-18 21:03:58.257 [info] [CloudCode] POST v1internal:loadCodeAssist traceId: 5899db5f75e9981
2026-04-18 21:04:00.704 [info] [CloudCode] POST v1internal:fetchAvailableModels traceId: c8543a2974d43cd0
2026-04-18 21:08:58.482 [info] [CloudCode] POST v1internal:loadCodeAssist traceId: 5f21befff0bb667a
2026-04-18 21:09:00.545 [info] [CloudCode] POST v1internal:fetchAvailableModels traceId: 69ebf422f7f08db9
2026-04-18 21:13:58.454 [info] [CloudCode] POST v1internal:loadCodeAssist traceId: 9c126ea6c6e2c070
2026-04-18 21:14:01.212 [info] [CloudCode] POST v1internal:fetchAvailableModels traceId: b3dcf6f67fbdb346
2026-04-18 21:18:57.465 [info] [CloudCode] POST v1internal:loadCodeAssist traceId: bb67f148d45938ca
2026-04-18 21:19:00.254 [info] [CloudCode] POST v1internal:fetchAvailableModels traceId: 425cb0553bf47ead
2026-04-18 22:56:10.893 [info] [CloudCode] POST v1internal:loadCodeAssist traceId: 32f9096896c5bf0c
2026-04-18 22:56:11.879 [info] [CloudCode] POST v1internal:fetchAvailableModels traceId: 7792a16c62d0deee
2026-04-18 23:01:09.618 [info] [CloudCode] POST v1internal:loadCodeAssist traceId: 9c30e5d8d1e81757
2026-04-18 23:01:11.542 [info] [CloudCode] POST v1internal:fetchAvailableModels traceId: 5d999520e7d85840
2026-04-18 23:06:09.759 [info] [CloudCode] POST v1internal:loadCodeAssist traceId: d54986b149e5379a
2026-04-18 23:06:10.821 [info] [CloudCode] POST v1internal:fetchAvailableModels traceId: 3e2b7d4489daf33d
2026-04-18 23:11:09.688 [info] [CloudCode] POST v1internal:loadCodeAssist traceId: 88e98668fe0ca673
2026-04-18 23:11:10.828 [info] [CloudCode] POST v1internal:fetchAvailableModels traceId: f0d382a30cc2d7a3
2026-04-18 23:16:09.473 [info] [CloudCode] POST v1internal:loadCodeAssist traceId: d931d10d865bca33
2026-04-18 23:16:10.505 [info] [CloudCode] POST v1internal:fetchAvailableModels traceId: 143cbef69e4b2918
2026-04-18 23:21:09.945 [info] [CloudCode] POST v1internal:loadCodeAssist traceId: 546d059e0a712416
2026-04-18 23:21:10.880 [info] [CloudCode] POST v1internal:fetchAvailableModels traceId: 5abcdc9f133b3f4d
2026-04-18 23:26:09.675 [info] [CloudCode] POST v1internal:loadCodeAssist traceId: d044579580b6aa29
2026-04-18 23:26:10.601 [info] [CloudCode] POST v1internal:fetchAvailableModels traceId: c722c48927d1124f
2026-04-18 23:31:09.438 [info] [CloudCode] POST v1internal:loadCodeAssist traceId: d9ded9cb090c2a93
2026-04-18 23:31:10.323 [info] [CloudCode] POST v1internal:fetchAvailableModels traceId: a5dd9be77d8d3ca8
2026-04-18 23:36:09.845 [info] [CloudCode] POST v1internal:loadCodeAssist traceId: 12bc773afdf29950
2026-04-18 23:36:10.269 [info] [CloudCode] POST v1internal:fetchAvailableModels traceId: acc6da68ceb73d5b
2026-04-18 23:41:09.365 [info] [CloudCode] POST v1internal:loadCodeAssist traceId: dd0a5a1ca332366d
2026-04-18 23:41:10.082 [info] [CloudCode] POST v1internal:fetchAvailableModels traceId: 29bde4a0149d40f8
2026-04-18 23:46:09.298 [info] [CloudCode] POST v1internal:loadCodeAssist traceId: cdcc14d1252b42e
2026-04-18 23:46:09.726 [info] [CloudCode] POST v1internal:fetchAvailableModels traceId: 53b5446778ee368a
2026-04-18 23:51:09.691 [info] [CloudCode] POST v1internal:loadCodeAssist traceId: 47656e3a74a3739b
2026-04-18 23:51:10.563 [info] [CloudCode] POST v1internal:fetchAvailableModels traceId: e3ea762f144bade
2026-04-18 23:56:09.608 [info] [CloudCode] POST v1internal:loadCodeAssist traceId: 9cf63cbd4fba8f54
2026-04-18 23:56:10.473 [info] [CloudCode] POST v1internal:fetchAvailableModels traceId: 3bfb59ab5349f250
2026-04-19 00:01:09.914 [info] [CloudCode] POST v1internal:loadCodeAssist traceId: 386c06654f3363bc
2026-04-19 00:01:10.444 [info] [CloudCode] POST v1internal:fetchAvailableModels traceId: b5f0ebebf377a128
2026-04-19 00:06:09.599 [info] [CloudCode] POST v1internal:loadCodeAssist traceId: cb1e5116624eb937
2026-04-19 00:06:10.399 [info] [CloudCode] POST v1internal:fetchAvailableModels traceId: 6b7ee26c12391358
2026-04-19 00:11:14.160 [info] [CloudCode] POST v1internal:loadCodeAssist traceId: 58c324e6e437ad01
2026-04-19 00:11:15.432 [info] [CloudCode] POST v1internal:fetchAvailableModels traceId: 2685821a452a6eab
2026-04-19 00:16:09.166 [info] [CloudCode] POST v1internal:loadCodeAssist traceId: a9807c203a12b6c8
2026-04-19 00:16:09.573 [info] [CloudCode] POST v1internal:fetchAvailableModels traceId: 810512a163bb52d
2026-04-19 00:21:09.702 [info] [CloudCode] POST v1internal:loadCodeAssist traceId: 50eeb3ea1edf4bad
2026-04-19 00:21:10.615 [info] [CloudCode] POST v1internal:fetchAvailableModels traceId: 8980031d66c746a7
2026-04-19 00:26:09.059 [info] [CloudCode] POST v1internal:loadCodeAssist traceId: d711f100165f923
2026-04-19 00:26:09.981 [info] [CloudCode] POST v1internal:fetchAvailableModels traceId: 9eeb216c04c9ef3
2026-04-19 00:31:09.708 [info] [CloudCode] POST v1internal:loadCodeAssist traceId: b2c75f74533fe977
2026-04-19 00:31:10.113 [info] [CloudCode] POST v1internal:fetchAvailableModels traceId: fb550a61028e2409
2026-04-19 00:36:09.554 [info] [CloudCode] POST v1internal:loadCodeAssist traceId: 7a1cb3dc5fb13ba5
2026-04-19 00:36:10.458 [info] [CloudCode] POST v1internal:fetchAvailableModels traceId: 57233306c46b4542
2026-04-19 00:41:09.955 [info] [CloudCode] POST v1internal:loadCodeAssist traceId: 99e9320dcfb813fc
2026-04-19 00:41:10.910 [info] [CloudCode] POST v1internal:fetchAvailableModels traceId: 9f1771d1fd884c25
2026-04-19 00:46:09.811 [info] [CloudCode] POST v1internal:loadCodeAssist traceId: b87fa3c43566ac6a
2026-04-19 00:46:10.604 [info] [CloudCode] POST v1internal:fetchAvailableModels traceId: a4e745e5a95fb8d6
2026-04-19 00:51:09.113 [info] [CloudCode] POST v1internal:loadCodeAssist traceId: 53c539a29a6728d9
2026-04-19 00:51:09.528 [info] [CloudCode] POST v1internal:fetchAvailableModels traceId: 22214640e783e288
2026-04-19 00:56:09.028 [info] [CloudCode] POST v1internal:loadCodeAssist traceId: fcd195b6a6db51b0
2026-04-19 00:56:09.440 [info] [CloudCode] POST v1internal:fetchAvailableModels traceId: 8f72cb825ed13667
2026-04-19 01:01:10.016 [info] [CloudCode] POST v1internal:loadCodeAssist traceId: 12fd17083006ce89
2026-04-19 01:01:10.450 [info] [CloudCode] POST v1internal:fetchAvailableModels traceId: 4375cb94fd552326
2026-04-19 01:06:09.622 [info] [CloudCode] POST v1internal:loadCodeAssist traceId: cb89436540f0d7b1
2026-04-19 01:06:10.447 [info] [CloudCode] POST v1internal:fetchAvailableModels traceId: 397ef470bf76ed56
2026-04-19 01:11:09.663 [info] [CloudCode] POST v1internal:loadCodeAssist traceId: 43d2a96a44b8f2cc
2026-04-19 01:11:10.467 [info] [CloudCode] POST v1internal:fetchAvailableModels traceId: e37a9bdcc1218170
2026-04-19 01:16:09.560 [info] [CloudCode] POST v1internal:loadCodeAssist traceId: 84de9c9d85c6174a
2026-04-19 01:16:10.233 [info] [CloudCode] POST v1internal:fetchAvailableModels traceId: 37534d6752ab6fa7
2026-04-19 01:21:09.074 [info] [CloudCode] POST v1internal:loadCodeAssist traceId: ead8f7e85247a160
2026-04-19 01:21:09.915 [info] [CloudCode] POST v1internal:fetchAvailableModels traceId: 1a822c4b35bab2b
2026-04-19 01:26:09.198 [info] [CloudCode] POST v1internal:loadCodeAssist traceId: f44a8e4fde1e2a8
2026-04-19 01:26:10.095 [info] [CloudCode] POST v1internal:fetchAvailableModels traceId: 3631e433b0704448
2026-04-19 01:31:09.574 [info] [CloudCode] POST v1internal:loadCodeAssist traceId: aada3b4176ab244e
2026-04-19 01:31:10.447 [info] [CloudCode] POST v1internal:fetchAvailableModels traceId: d33d629ea979cabd
2026-04-19 01:36:09.038 [info] [CloudCode] POST v1internal:loadCodeAssist traceId: df5699a81dbc0baf
2026-04-19 01:36:09.810 [info] [CloudCode] POST v1internal:fetchAvailableModels traceId: 5eaeae328178eb21
2026-04-19 01:41:09.453 [info] [CloudCode] POST v1internal:loadCodeAssist traceId: a9e1964565c613f5
2026-04-19 01:41:10.251 [info] [CloudCode] POST v1internal:fetchAvailableModels traceId: fc9efc3fdc68d3b2
2026-04-19 01:46:09.709 [info] [CloudCode] POST v1internal:loadCodeAssist traceId: 22300f0612c8abcc
2026-04-19 01:46:10.547 [info] [CloudCode] POST v1internal:fetchAvailableModels traceId: 66ef6cc426ca07d
2026-04-19 01:51:09.666 [info] [CloudCode] POST v1internal:loadCodeAssist traceId: 9c7a346c401bc3e8
2026-04-19 01:51:10.499 [info] [CloudCode] POST v1internal:fetchAvailableModels traceId: f618deacb1163bb5
2026-04-19 01:56:09.424 [info] [CloudCode] POST v1internal:loadCodeAssist traceId: 4435e439c6839a8d
2026-04-19 01:56:10.070 [info] [CloudCode] POST v1internal:fetchAvailableModels traceId: a2c7cd547ecc2d6c
2026-04-19 02:01:09.697 [info] [CloudCode] POST v1internal:loadCodeAssist traceId: d8d2ed0b7b1c0d76
2026-04-19 02:01:10.132 [info] [CloudCode] POST v1internal:fetchAvailableModels traceId: 3cb63d33ca1f12ce
2026-04-19 02:06:09.151 [info] [CloudCode] POST v1internal:loadCodeAssist traceId: 627280c5af96309d
2026-04-19 02:06:10.348 [info] [CloudCode] POST v1internal:fetchAvailableModels traceId: 2a0de56cb572fad0
2026-04-19 02:11:09.518 [info] [CloudCode] POST v1internal:loadCodeAssist traceId: e3a1413e691ee62a
2026-04-19 02:11:10.353 [info] [CloudCode] POST v1internal:fetchAvailableModels traceId: ce3f1d6fe9c9f422
2026-04-19 02:16:10.417 [info] [CloudCode] POST v1internal:loadCodeAssist traceId: 33dfc7e77aea93c1
2026-04-19 02:16:11.449 [info] [CloudCode] POST v1internal:fetchAvailableModels traceId: 34aca1be8a7e4cdc
2026-04-19 02:21:09.611 [info] [CloudCode] POST v1internal:loadCodeAssist traceId: fe195d2893888fe0
2026-04-19 02:21:10.594 [info] [CloudCode] POST v1internal:fetchAvailableModels traceId: 52c1c74c5c574f4
2026-04-19 02:26:09.945 [info] [CloudCode] POST v1internal:loadCodeAssist traceId: d4aa0ae67d423d26
2026-04-19 02:26:10.904 [info] [CloudCode] POST v1internal:fetchAvailableModels traceId: 82ee12d627cf60b
2026-04-19 02:31:10.656 [info] [CloudCode] POST v1internal:loadCodeAssist traceId: 180a8eadb9113b38
2026-04-19 02:31:11.623 [info] [CloudCode] POST v1internal:fetchAvailableModels traceId: 1e5561fa0b19689a
2026-04-19 02:36:10.172 [info] [CloudCode] POST v1internal:loadCodeAssist traceId: 378fe7e7083ac096
2026-04-19 02:36:11.170 [info] [CloudCode] POST v1internal:fetchAvailableModels traceId: 8679374712aaf400
