2026-04-16 23:13:00.052 [info] Getting Manifest... golang.go
2026-04-16 23:13:02.545 [info] Installing extension: golang.go {"context":{"skipPublisherTrust":true},"isMachineScoped":false,"profileLocation":{"$mid":1,"external":"vscode-userdata:/home/kausthubh/.antigravity/extensions/extensions.json","path":"/home/kausthubh/.antigravity/extensions/extensions.json","scheme":"vscode-userdata"},"isApplicationScoped":false,"productVersion":{"version":"1.107.0","date":"2026-04-02T19:49:45.095Z"}}
2026-04-16 23:13:04.015 [info] Extracted extension to file:///home/kausthubh/.antigravity/extensions/golang.go-0.52.2-universal: golang.go
2026-04-16 23:13:04.026 [info] Renamed to /home/kausthubh/.antigravity/extensions/golang.go-0.52.2-universal
2026-04-16 23:13:04.050 [info] Extension installed successfully: golang.go vscode-userdata:/home/kausthubh/.antigravity/extensions/extensions.json
2026-04-16 23:13:04.050 [error] [uncaught exception in sharedProcess]: Cannot read properties of undefined (reading 'fireEvent'): TypeError: Cannot read properties of undefined (reading 'fireEvent')
    at va.value (file:///usr/share/antigravity/resources/app/out/vs/code/electron-utility/sharedProcess/sharedProcessMain.js:74:62766)
    at U.C (file:///usr/share/antigravity/resources/app/out/vs/code/electron-utility/sharedProcess/sharedProcessMain.js:28:2328)
    at U.D (file:///usr/share/antigravity/resources/app/out/vs/code/electron-utility/sharedProcess/sharedProcessMain.js:28:2398)
    at U.fire (file:///usr/share/antigravity/resources/app/out/vs/code/electron-utility/sharedProcess/sharedProcessMain.js:28:2615)
    at mf.L (file:///usr/share/antigravity/resources/app/out/vs/code/electron-utility/sharedProcess/sharedProcessMain.js:74:10866)
    at async mf.installGalleryExtensions (file:///usr/share/antigravity/resources/app/out/vs/code/electron-utility/sharedProcess/sharedProcessMain.js:74:2621)
    at async mf.installFromGallery (file:///usr/share/antigravity/resources/app/out/vs/code/electron-utility/sharedProcess/sharedProcessMain.js:74:1870)
2026-04-16 23:13:05.307 [info] Getting Manifest... vscodevim.vim
2026-04-16 23:13:05.886 [info] Installing extension: vscodevim.vim {"context":{"skipPublisherTrust":true},"isMachineScoped":false,"profileLocation":{"$mid":1,"external":"vscode-userdata:/home/kausthubh/.antigravity/extensions/extensions.json","path":"/home/kausthubh/.antigravity/extensions/extensions.json","scheme":"vscode-userdata"},"isApplicationScoped":false,"productVersion":{"version":"1.107.0","date":"2026-04-02T19:49:45.095Z"}}
2026-04-16 23:13:06.809 [info] Extracted extension to file:///home/kausthubh/.antigravity/extensions/vscodevim.vim-1.32.4-universal: vscodevim.vim
2026-04-16 23:13:06.815 [info] Renamed to /home/kausthubh/.antigravity/extensions/vscodevim.vim-1.32.4-universal
2026-04-16 23:13:06.830 [info] Extension installed successfully: vscodevim.vim vscode-userdata:/home/kausthubh/.antigravity/extensions/extensions.json
2026-04-16 23:13:06.831 [error] [uncaught exception in sharedProcess]: Cannot read properties of undefined (reading 'fireEvent'): TypeError: Cannot read properties of undefined (reading 'fireEvent')
    at va.value (file:///usr/share/antigravity/resources/app/out/vs/code/electron-utility/sharedProcess/sharedProcessMain.js:74:62766)
    at U.C (file:///usr/share/antigravity/resources/app/out/vs/code/electron-utility/sharedProcess/sharedProcessMain.js:28:2328)
    at U.D (file:///usr/share/antigravity/resources/app/out/vs/code/electron-utility/sharedProcess/sharedProcessMain.js:28:2398)
    at U.fire (file:///usr/share/antigravity/resources/app/out/vs/code/electron-utility/sharedProcess/sharedProcessMain.js:28:2615)
    at mf.L (file:///usr/share/antigravity/resources/app/out/vs/code/electron-utility/sharedProcess/sharedProcessMain.js:74:10866)
    at async mf.installGalleryExtensions (file:///usr/share/antigravity/resources/app/out/vs/code/electron-utility/sharedProcess/sharedProcessMain.js:74:2621)
    at async mf.installFromGallery (file:///usr/share/antigravity/resources/app/out/vs/code/electron-utility/sharedProcess/sharedProcessMain.js:74:1870)
